Archive member included to satisfy reference by file (symbol)

c:/program files/microchip/xc32/v4.00/bin/bin/../../lib/gcc/pic32c/8.3.1/../../../../pic32c/lib/thumb/v7e-m+fp/hard\libpic32c.a(data_init.o)
                              build/sam_e54_xpro/debug/_ext/68098787/startup_xc32.o (__pic32c_data_initialization)
c:/program files/microchip/xc32/v4.00/bin/bin/../../lib/gcc/pic32c/8.3.1/../../../../pic32c/lib/thumb/v7e-m+fp/hard\libg-musl.a(__libc_start_main.o)
                              build/sam_e54_xpro/debug/_ext/68098787/startup_xc32.o (__libc_init_array)
c:/program files/microchip/xc32/v4.00/bin/bin/../../lib/gcc/pic32c/8.3.1/../../../../pic32c/lib/thumb/v7e-m+fp/hard\libg-musl.a(libc.o)
                              c:/program files/microchip/xc32/v4.00/bin/bin/../../lib/gcc/pic32c/8.3.1/../../../../pic32c/lib/thumb/v7e-m+fp/hard\libg-musl.a(__libc_start_main.o) (__progname_full)
c:/program files/microchip/xc32/v4.00/bin/bin/../../lib/gcc/pic32c/8.3.1/../../../../pic32c/lib/thumb/v7e-m+fp/hard\libg-musl.a(stdin.o)
                              build/sam_e54_xpro/debug/_ext/68098787/initialization.o (_stdin)
c:/program files/microchip/xc32/v4.00/bin/bin/../../lib/gcc/pic32c/8.3.1/../../../../pic32c/lib/thumb/v7e-m+fp/hard\libg-musl.a(stdout.o)
                              build/sam_e54_xpro/debug/_ext/68098787/initialization.o (_stdout)
c:/program files/microchip/xc32/v4.00/bin/bin/../../lib/gcc/pic32c/8.3.1/../../../../pic32c/lib/thumb/v7e-m+fp/hard\libg-musl.a(printf.o)
                              build/sam_e54_xpro/debug/_ext/1360937237/app.o (printf)
c:/program files/microchip/xc32/v4.00/bin/bin/../../lib/gcc/pic32c/8.3.1/../../../../pic32c/lib/thumb/v7e-m+fp/hard\libg-musl.a(setbuf.o)
                              build/sam_e54_xpro/debug/_ext/68098787/initialization.o (setbuf)
c:/program files/microchip/xc32/v4.00/bin/bin/../../lib/gcc/pic32c/8.3.1/../../../../pic32c/lib/thumb/v7e-m+fp/hard\libg-musl.a(memcpy.o)
                              build/sam_e54_xpro/debug/_ext/1062319119/drv_memory.o (memcpy)
c:/program files/microchip/xc32/v4.00/bin/bin/../../lib/gcc/pic32c/8.3.1/../../../../pic32c/lib/thumb/v7e-m+fp/hard\libg-musl.a(memset.o)
                              build/sam_e54_xpro/debug/_ext/1062319119/drv_memory.o (memset)
c:/program files/microchip/xc32/v4.00/bin/bin/../../lib/gcc/pic32c/8.3.1/../../../../pic32c/lib/thumb/v7e-m+fp/hard\libg-musl.a(strlen.o)
                              build/sam_e54_xpro/debug/_ext/743848790/sys_fs.o (strlen)
c:/program files/microchip/xc32/v4.00/bin/bin/../../lib/gcc/pic32c/8.3.1/../../../../pic32c/lib/thumb/v7e-m+fp/hard\libg-musl.a(strcmp.o)
                              build/sam_e54_xpro/debug/_ext/743848790/sys_fs_media_manager.o (strcmp)
c:/program files/microchip/xc32/v4.00/bin/bin/../../lib/gcc/pic32c/8.3.1/../../../../pic32c/lib/thumb/v7e-m+fp/hard\libg-musl.a(strcpy.o)
                              build/sam_e54_xpro/debug/_ext/743848790/sys_fs.o (strcpy)
c:/program files/microchip/xc32/v4.00/bin/bin/../../lib/gcc/pic32c/8.3.1/../../../../pic32c/lib/thumb/v7e-m+fp/hard\libg-musl.a(strncmp.o)
                              build/sam_e54_xpro/debug/_ext/743848790/sys_fs.o (strncmp)
c:/program files/microchip/xc32/v4.00/bin/bin/../../lib/gcc/pic32c/8.3.1/../../../../pic32c/lib/thumb/v7e-m+fp/hard\libg-musl.a(__environ.o)
                              c:/program files/microchip/xc32/v4.00/bin/bin/../../lib/gcc/pic32c/8.3.1/../../../../pic32c/lib/thumb/v7e-m+fp/hard\libg-musl.a(__libc_start_main.o) (__environ)
c:/program files/microchip/xc32/v4.00/bin/bin/../../lib/gcc/pic32c/8.3.1/../../../../pic32c/lib/thumb/v7e-m+fp/hard\libg-musl.a(__io_init_needed.o)
                              c:/program files/microchip/xc32/v4.00/bin/bin/../../lib/gcc/pic32c/8.3.1/../../../../pic32c/lib/thumb/v7e-m+fp/hard\libg-musl.a(stdout.o) (__io_init_needed)
c:/program files/microchip/xc32/v4.00/bin/bin/../../lib/gcc/pic32c/8.3.1/../../../../pic32c/lib/thumb/v7e-m+fp/hard\libg-musl.a(__io_rw_needed.o)
                              c:/program files/microchip/xc32/v4.00/bin/bin/../../lib/gcc/pic32c/8.3.1/../../../../pic32c/lib/thumb/v7e-m+fp/hard\libg-musl.a(stdin.o) (__io_rw_needed)
c:/program files/microchip/xc32/v4.00/bin/bin/../../lib/gcc/pic32c/8.3.1/../../../../pic32c/lib/thumb/v7e-m+fp/hard\libg-musl.a(__stdio_read.o)
                              c:/program files/microchip/xc32/v4.00/bin/bin/../../lib/gcc/pic32c/8.3.1/../../../../pic32c/lib/thumb/v7e-m+fp/hard\libg-musl.a(stdin.o) (__stdio_read)
c:/program files/microchip/xc32/v4.00/bin/bin/../../lib/gcc/pic32c/8.3.1/../../../../pic32c/lib/thumb/v7e-m+fp/hard\libg-musl.a(__towrite_rw.o)
                              c:/program files/microchip/xc32/v4.00/bin/bin/../../lib/gcc/pic32c/8.3.1/../../../../pic32c/lib/thumb/v7e-m+fp/hard\libg-musl.a(__io_rw_needed.o) (__towrite_rw_needed)
[...]
Memory Configuration

Name             Origin             Length             Attributes
rom              0x00000000         0x00100000         xrl
ram              0x20000000         0x00040000         xw !r
tcm              0x03000000         0x00000000         xw
config_00804000  0x00804000         0x00000004
config_00804008  0x00804008         0x00000004
config_00804004  0x00804004         0x00000004
*default*        0x00000000         0xffffffff

Linker script and memory map

LOAD c:/program files/microchip/xc32/v4.00/bin/bin/../../lib/gcc/pic32c/8.3.1/thumb/v7e-m+fp/hard/crti.o
LOAD c:/program files/microchip/xc32/v4.00/bin/bin/../../lib/gcc/pic32c/8.3.1/thumb/v7e-m+fp/hard/crtbegin.o
LOAD build/sam_e54_xpro/debug/_ext/544748269/bsp.o
LOAD build/sam_e54_xpro/debug/_ext/1062319119/drv_memory_nvmctrl.o
LOAD build/sam_e54_xpro/debug/_ext/1062319119/drv_memory.o
LOAD build/sam_e54_xpro/debug/_ext/1062319119/drv_memory_file_system.o
LOAD build/sam_e54_xpro/debug/_ext/2056749927/plib_clock.o
LOAD build/sam_e54_xpro/debug/_ext/349294639/plib_cmcc.o
LOAD build/sam_e54_xpro/debug/_ext/2058899413/plib_evsys.o
LOAD build/sam_e54_xpro/debug/_ext/1950920501/plib_mpu.o
LOAD build/sam_e54_xpro/debug/_ext/348958103/plib_nvic.o
LOAD build/sam_e54_xpro/debug/_ext/1986180951/plib_nvmctrl.o
LOAD build/sam_e54_xpro/debug/_ext/348904952/plib_port.o
LOAD build/sam_e54_xpro/debug/_ext/498645085/xc32_monitor.o
LOAD build/sam_e54_xpro/debug/_ext/2098947918/sys_cache.o
LOAD build/sam_e54_xpro/debug/_ext/1171329604/ff.o
LOAD build/sam_e54_xpro/debug/_ext/1171329604/ffunicode.o
LOAD build/sam_e54_xpro/debug/_ext/656274803/diskio.o
LOAD build/sam_e54_xpro/debug/_ext/743848790/sys_fs.o
LOAD build/sam_e54_xpro/debug/_ext/743848790/sys_fs_media_manager.o
LOAD build/sam_e54_xpro/debug/_ext/743848790/sys_fs_fat_interface.o
LOAD build/sam_e54_xpro/debug/_ext/129427312/sys_int.o
LOAD build/sam_e54_xpro/debug/_ext/68098787/initialization.o
LOAD build/sam_e54_xpro/debug/_ext/68098787/interrupts.o
LOAD build/sam_e54_xpro/debug/_ext/68098787/exceptions.o
LOAD build/sam_e54_xpro/debug/_ext/68098787/startup_xc32.o
LOAD build/sam_e54_xpro/debug/_ext/68098787/libc_syscalls.o
LOAD build/sam_e54_xpro/debug/_ext/68098787/tasks.o
LOAD build/sam_e54_xpro/debug/_ext/1360937237/nvm_disk_images.o
LOAD build/sam_e54_xpro/debug/_ext/1360937237/main.o
LOAD build/sam_e54_xpro/debug/_ext/1360937237/app.o
LOAD build/sam_e54_xpro/debug/_ext/2060180706/plib_sercom2_usart.o
                0x00000001                __MPLAB_BUILD = 0x1
                0x00100000                __rom_end = (ORIGIN (rom) + LENGTH (rom))
                0x20040000                __ram_end = (ORIGIN (ram) + LENGTH (ram))

.config_00804000
 *(.config_00804000)

.config_00804008
 *(.config_00804008)

.config_00804004
 *(.config_00804004)

.vectors        0x00000000      0x264
                0x00000000                . = ALIGN (0x4)
                0x00000000                _sfixed = .
 *(.vectors .vectors.* .vectors_default .vectors_default.*)
 .vectors.exception_table
                0x00000000      0x264 build/sam_e54_xpro/debug/_ext/68098787/interrupts.o
                0x00000000                exception_table
 *(.isr_vector)
 *(.reset*)
 *(.after_vectors)

.text           0x00000264       0x20
                0x00000264                . = ALIGN (0x4)
 *(.glue_7t)
 .glue_7t       0x00000264        0x0 linker stubs
 *(.glue_7)
 .glue_7        0x00000264        0x0 linker stubs
 *(.gnu.linkonce.r.*)
 *(.ARM.extab* .gnu.linkonce.armextab.*)
                0x00000264                . = ALIGN (0x4)
 *(.init)
 .init          0x00000264        0x4 c:/program files/microchip/xc32/v4.00/bin/bin/../../lib/gcc/pic32c/8.3.1/thumb/v7e-m+fp/hard/crti.o
                0x00000264                _init
 .init          0x00000268        0x8 c:/program files/microchip/xc32/v4.00/bin/bin/../../lib/gcc/pic32c/8.3.1/thumb/v7e-m+fp/hard/crtn.o
                0x00000270                . = ALIGN (0x4)
                0x00000270                __preinit_array_start = .
 *(.preinit_array)
                0x00000270                __preinit_array_end = .
                0x00000270                . = ALIGN (0x4)
                0x00000270                __init_array_start = .
 *(SORT_BY_NAME(.init_array.*))
 *(.init_array)
 .init_array    0x00000270        0x4 c:/program files/microchip/xc32/v4.00/bin/bin/../../lib/gcc/pic32c/8.3.1/thumb/v7e-m+fp/hard/crtbegin.o
                0x00000274                __init_array_end = .
                0x00000274                . = ALIGN (0x4)
 *crtbegin.o(.ctors)
 *(EXCLUDE_FILE(*crtend.o) .ctors)
 *(SORT_BY_NAME(.ctors.*))
 *crtend.o(.ctors)
                0x00000274                . = ALIGN (0x4)
 *(.fini)
 .fini          0x00000274        0x4 c:/program files/microchip/xc32/v4.00/bin/bin/../../lib/gcc/pic32c/8.3.1/thumb/v7e-m+fp/hard/crti.o
                0x00000274                _fini
 .fini          0x00000278        0x8 c:/program files/microchip/xc32/v4.00/bin/bin/../../lib/gcc/pic32c/8.3.1/thumb/v7e-m+fp/hard/crtn.o
                0x00000280                . = ALIGN (0x4)
                0x00000280                __fini_array_start = .
 *(.fini_array)
 .fini_array    0x00000280        0x4 c:/program files/microchip/xc32/v4.00/bin/bin/../../lib/gcc/pic32c/8.3.1/thumb/v7e-m+fp/hard/crtbegin.o
 *(SORT_BY_NAME(.fini_array.*))
                0x00000284                __fini_array_end = .
 *crtbegin.o(.dtors)
 *(EXCLUDE_FILE(*crtend.o) .dtors)
 *(SORT_BY_NAME(.dtors.*))
 *crtend.o(.dtors)
                0x00000284                . = ALIGN (0x4)
                0x00000284                _efixed = .
                [!provide]                PROVIDE (__exidx_start = .)

.ARM.exidx      0x00000284        0x8
 *(.ARM.exidx* .gnu.linkonce.armexidx.*)
 .ARM.exidx     0x00000284        0x8 c:/program files/microchip/xc32/v4.00/bin/bin/../../lib/gcc/pic32c/8.3.1/thumb/v7e-m+fp/hard\libgcc.a(_udivmoddi4.o)
                [!provide]                PROVIDE (__exidx_end = .)
                0x0000028c                . = ALIGN (0x4)
                0x0000028c                _etext = .

.bss            0x20000000        0x0
                0x20000000                . = ALIGN (0x4)
                0x20000000                __bss_start__ = .
                0x20000000                _sbss = .
                0x20000000                _szero = .
 *(COMMON)
                0x20000000                . = ALIGN (0x4)
                0x20000000                __bss_end__ = .
                0x20000000                _ebss = .
                0x20000000                _ezero = .
                0x20000000                . = ALIGN (0x4)
                0x20000000                _end = .
                0x2003ffff                _ram_end_ = ((ORIGIN (ram) + LENGTH (ram)) - 0x1)
                0x00000001                __ICD2RAM = 0x1
                0x00000001                __MPLAB_DEBUG = 0x1
                0x00000001                __DEBUG = 0x1
                0x00000200                _min_heap_size = 0x200
START GROUP
LOAD c:/program files/microchip/xc32/v4.00/bin/bin/../../lib/gcc/pic32c/8.3.1/../../../../pic32c/lib/thumb/v7e-m+fp/hard\libpic32c.a
LOAD c:/program files/microchip/xc32/v4.00/bin/bin/../../lib/gcc/pic32c/8.3.1/../../../../pic32c/lib/thumb/v7e-m+fp/hard\libm-emfloat.a
LOAD c:/program files/microchip/xc32/v4.00/bin/bin/../../lib/gcc/pic32c/8.3.1/../../../../pic32c/lib/thumb/v7e-m+fp/hard\libg-musl.a
LOAD c:/program files/microchip/xc32/v4.00/bin/bin/../../lib/gcc/pic32c/8.3.1/../../../../pic32c/lib/thumb/v7e-m+fp/hard\libc-musl.a
LOAD c:/program files/microchip/xc32/v4.00/bin/bin/../../lib/gcc/pic32c/8.3.1/../../../../pic32c/lib/thumb/v7e-m+fp/hard\libm-emfloat.a
LOAD c:/program files/microchip/xc32/v4.00/bin/bin/../../lib/gcc/pic32c/8.3.1/thumb/v7e-m+fp/hard\libgcc.a
END GROUP
LOAD c:/program files/microchip/xc32/v4.00/bin/bin/../../lib/gcc/pic32c/8.3.1/thumb/v7e-m+fp/hard/crtend.o
LOAD c:/program files/microchip/xc32/v4.00/bin/bin/../../lib/gcc/pic32c/8.3.1/thumb/v7e-m+fp/hard/crtn.o
OUTPUT(dist/sam_e54_xpro/debug/sam_e54_xpro.X.debug.elf elf32-littlearm)
LOAD stack
LOAD data_init

.ARM.attributes
                0x00000000       0x32
 .ARM.attributes
                0x00000000       0x1e c:/program files/microchip/xc32/v4.00/bin/bin/../../lib/gcc/pic32c/8.3.1/thumb/v7e-m+fp/hard/crti.o
 .ARM.attributes
                0x0000001e       0x34 c:/program files/microchip/xc32/v4.00/bin/bin/../../lib/gcc/pic32c/8.3.1/thumb/v7e-m+fp/hard/crtbegin.o
 .ARM.attributes
                0x00000052       0x34 build/sam_e54_xpro/debug/_ext/544748269/bsp.o
 .ARM.attributes
                0x00000086       0x34 build/sam_e54_xpro/debug/_ext/1062319119/drv_memory_nvmctrl.o
 .ARM.attributes
                0x000000ba       0x34 build/sam_e54_xpro/debug/_ext/1062319119/drv_memory.o
 .ARM.attributes
                0x000000ee       0x34 build/sam_e54_xpro/debug/_ext/1062319119/drv_memory_file_system.o
 .ARM.attributes
                0x00000122       0x34 build/sam_e54_xpro/debug/_ext/2056749927/plib_clock.o
 .ARM.attributes
                0x00000156       0x34 build/sam_e54_xpro/debug/_ext/2058899413/plib_evsys.o
 .ARM.attributes
                0x0000018a       0x34 build/sam_e54_xpro/debug/_ext/1950920501/plib_mpu.o
 .ARM.attributes
                0x000001be       0x34 build/sam_e54_xpro/debug/_ext/348958103/plib_nvic.o
 .ARM.attributes
                0x000001f2       0x34 build/sam_e54_xpro/debug/_ext/1986180951/plib_nvmctrl.o
 .ARM.attributes
                0x00000226       0x34 build/sam_e54_xpro/debug/_ext/348904952/plib_port.o
 .ARM.attributes
                0x0000025a       0x34 build/sam_e54_xpro/debug/_ext/498645085/xc32_monitor.o
 .ARM.attributes
                0x0000028e       0x34 build/sam_e54_xpro/debug/_ext/1171329604/ff.o
 .ARM.attributes
                0x000002c2       0x34 build/sam_e54_xpro/debug/_ext/1171329604/ffunicode.o
 .ARM.attributes
                0x000002f6       0x34 build/sam_e54_xpro/debug/_ext/656274803/diskio.o
 .ARM.attributes
                0x0000032a       0x34 build/sam_e54_xpro/debug/_ext/743848790/sys_fs.o
 .ARM.attributes
                0x0000035e       0x34 build/sam_e54_xpro/debug/_ext/743848790/sys_fs_media_manager.o
 .ARM.attributes
                0x00000392       0x34 build/sam_e54_xpro/debug/_ext/743848790/sys_fs_fat_interface.o
 .ARM.attributes
                0x000003c6       0x34 build/sam_e54_xpro/debug/_ext/68098787/initialization.o
 .ARM.attributes
                0x000003fa       0x34 build/sam_e54_xpro/debug/_ext/68098787/interrupts.o
 .ARM.attributes
                0x0000042e       0x34 build/sam_e54_xpro/debug/_ext/68098787/exceptions.o
 .ARM.attributes
                0x00000462       0x34 build/sam_e54_xpro/debug/_ext/68098787/startup_xc32.o
 .ARM.attributes
                0x00000496       0x34 build/sam_e54_xpro/debug/_ext/68098787/tasks.o
 .ARM.attributes
                0x000004ca       0x39 build/sam_e54_xpro/debug/_ext/1360937237/nvm_disk_images.o
 .ARM.attributes
                0x00000503       0x34 build/sam_e54_xpro/debug/_ext/1360937237/main.o
 .ARM.attributes
                0x00000537       0x34 build/sam_e54_xpro/debug/_ext/1360937237/app.o
 .ARM.attributes
                0x0000056b       0x34 build/sam_e54_xpro/debug/_ext/2060180706/plib_sercom2_usart.o
 .ARM.attributes
                0x0000059f       0x34 c:/program files/microchip/xc32/v4.00/bin/bin/../../lib/gcc/pic32c/8.3.1/../../../../pic32c/lib/thumb/v7e-m+fp/hard\libpic32c.a(data_init.o)
 .ARM.attributes
                0x000005d3       0x36 c:/program files/microchip/xc32/v4.00/bin/bin/../../lib/gcc/pic32c/8.3.1/../../../../pic32c/lib/thumb/v7e-m+fp/hard\libg-musl.a(__libc_start_main.o)
 .ARM.attributes
                0x00000609       0x34 c:/program files/microchip/xc32/v4.00/bin/bin/../../lib/gcc/pic32c/8.3.1/../../../../pic32c/lib/thumb/v7e-m+fp/hard\libg-musl.a(libc.o)
 .ARM.attributes
                0x0000063d       0x36 c:/program files/microchip/xc32/v4.00/bin/bin/../../lib/gcc/pic32c/8.3.1/../../../../pic32c/lib/thumb/v7e-m+fp/hard\libg-musl.a(stdin.o)
 .ARM.attributes
                0x00000673       0x36 c:/program files/microchip/xc32/v4.00/bin/bin/../../lib/gcc/pic32c/8.3.1/../../../../pic32c/lib/thumb/v7e-m+fp/hard\libg-musl.a(stdout.o)
 .ARM.attributes
                0x000006a9       0x36 c:/program files/microchip/xc32/v4.00/bin/bin/../../lib/gcc/pic32c/8.3.1/../../../../pic32c/lib/thumb/v7e-m+fp/hard\libg-musl.a(printf.o)
 .ARM.attributes
                0x000006df       0x36 c:/program files/microchip/xc32/v4.00/bin/bin/../../lib/gcc/pic32c/8.3.1/../../../../pic32c/lib/thumb/v7e-m+fp/hard\libg-musl.a(setbuf.o)
 .ARM.attributes
                0x00000715       0x36 c:/program files/microchip/xc32/v4.00/bin/bin/../../lib/gcc/pic32c/8.3.1/../../../../pic32c/lib/thumb/v7e-m+fp/hard\libg-musl.a(memcpy.o)
 .ARM.attributes
                0x0000074b       0x36 c:/program files/microchip/xc32/v4.00/bin/bin/../../lib/gcc/pic32c/8.3.1/../../../../pic32c/lib/thumb/v7e-m+fp/hard\libg-musl.a(memset.o)
 .ARM.attributes
                0x00000781       0x36 c:/program files/microchip/xc32/v4.00/bin/bin/../../lib/gcc/pic32c/8.3.1/../../../../pic32c/lib/thumb/v7e-m+fp/hard\libg-musl.a(strlen.o)
 .ARM.attributes
                0x000007b7       0x36 c:/program files/microchip/xc32/v4.00/bin/bin/../../lib/gcc/pic32c/8.3.1/../../../../pic32c/lib/thumb/v7e-m+fp/hard\libg-musl.a(strcmp.o)
 .ARM.attributes
                0x000007ed       0x36 c:/program files/microchip/xc32/v4.00/bin/bin/../../lib/gcc/pic32c/8.3.1/../../../../pic32c/lib/thumb/v7e-m+fp/hard\libg-musl.a(strcpy.o)
 .ARM.attributes
                0x00000823       0x36 c:/program files/microchip/xc32/v4.00/bin/bin/../../lib/gcc/pic32c/8.3.1/../../../../pic32c/lib/thumb/v7e-m+fp/hard\libg-musl.a(strncmp.o)
 .ARM.attributes
                0x00000859       0x34 c:/program files/microchip/xc32/v4.00/bin/bin/../../lib/gcc/pic32c/8.3.1/../../../../pic32c/lib/thumb/v7e-m+fp/hard\libg-musl.a(__environ.o)
 .ARM.attributes
                0x0000088d       0x36 c:/program files/microchip/xc32/v4.00/bin/bin/../../lib/gcc/pic32c/8.3.1/../../../../pic32c/lib/thumb/v7e-m+fp/hard\libg-musl.a(__stdio_read.o)
 .ARM.attributes
                0x000008c3       0x36 c:/program files/microchip/xc32/v4.00/bin/bin/../../lib/gcc/pic32c/8.3.1/../../../../pic32c/lib/thumb/v7e-m+fp/hard\libg-musl.a(__towrite_rw.o)
 .ARM.attributes
                0x000008f9       0x36 c:/program files/microchip/xc32/v4.00/bin/bin/../../lib/gcc/pic32c/8.3.1/../../../../pic32c/lib/thumb/v7e-m+fp/hard\libg-musl.a(setvbuf.o)
 .ARM.attributes
                0x0000092f       0x36 c:/program files/microchip/xc32/v4.00/bin/bin/../../lib/gcc/pic32c/8.3.1/../../../../pic32c/lib/thumb/v7e-m+fp/hard\libg-musl.a(vfprintf.o)
 .ARM.attributes
                0x00000965       0x36 c:/program files/microchip/xc32/v4.00/bin/bin/../../lib/gcc/pic32c/8.3.1/../../../../pic32c/lib/thumb/v7e-m+fp/hard\libg-musl.a(stpcpy.o)
 .ARM.attributes
                0x0000099b       0x36 c:/program files/microchip/xc32/v4.00/bin/bin/../../lib/gcc/pic32c/8.3.1/../../../../pic32c/lib/thumb/v7e-m+fp/hard\libg-musl.a(readv.o)
 .ARM.attributes
                0x000009d1       0x36 c:/program files/microchip/xc32/v4.00/bin/bin/../../lib/gcc/pic32c/8.3.1/../../../../pic32c/lib/thumb/v7e-m+fp/hard\libg-musl.a(malloc.o)
 .ARM.attributes
                0x00000a07       0x36 c:/program files/microchip/xc32/v4.00/bin/bin/../../lib/gcc/pic32c/8.3.1/../../../../pic32c/lib/thumb/v7e-m+fp/hard\libg-musl.a(expand_heap.o)
 .ARM.attributes
                0x00000a3d       0x36 c:/program files/microchip/xc32/v4.00/bin/bin/../../lib/gcc/pic32c/8.3.1/../../../../pic32c/lib/thumb/v7e-m+fp/hard\libg-musl.a(__init_stdio.o)
 .ARM.attributes
                0x00000a73       0x36 c:/program files/microchip/xc32/v4.00/bin/bin/../../lib/gcc/pic32c/8.3.1/../../../../pic32c/lib/thumb/v7e-m+fp/hard\libg-musl.a(__out.o)
 .ARM.attributes
                0x00000aa9       0x36 c:/program files/microchip/xc32/v4.00/bin/bin/../../lib/gcc/pic32c/8.3.1/../../../../pic32c/lib/thumb/v7e-m+fp/hard\libg-musl.a(__printf_core.o)
 .ARM.attributes
                0x00000adf       0x36 c:/program files/microchip/xc32/v4.00/bin/bin/../../lib/gcc/pic32c/8.3.1/../../../../pic32c/lib/thumb/v7e-m+fp/hard\libg-musl.a(__stderr.o)
 .ARM.attributes
                0x00000b15       0x36 c:/program files/microchip/xc32/v4.00/bin/bin/../../lib/gcc/pic32c/8.3.1/../../../../pic32c/lib/thumb/v7e-m+fp/hard\libg-musl.a(__stdio_close.o)
 .ARM.attributes
                0x00000b4b       0x36 c:/program files/microchip/xc32/v4.00/bin/bin/../../lib/gcc/pic32c/8.3.1/../../../../pic32c/lib/thumb/v7e-m+fp/hard\libg-musl.a(__stdio_write.o)
 .ARM.attributes
                0x00000b81       0x36 c:/program files/microchip/xc32/v4.00/bin/bin/../../lib/gcc/pic32c/8.3.1/../../../../pic32c/lib/thumb/v7e-m+fp/hard\libg-musl.a(__stdout.o)
 .ARM.attributes
                0x00000bb7       0x36 c:/program files/microchip/xc32/v4.00/bin/bin/../../lib/gcc/pic32c/8.3.1/../../../../pic32c/lib/thumb/v7e-m+fp/hard\libg-musl.a(__towrite.o)
 .ARM.attributes
                0x00000bed       0x36 c:/program files/microchip/xc32/v4.00/bin/bin/../../lib/gcc/pic32c/8.3.1/../../../../pic32c/lib/thumb/v7e-m+fp/hard\libg-musl.a(atoi.o)
 .ARM.attributes
                0x00000c23       0x36 c:/program files/microchip/xc32/v4.00/bin/bin/../../lib/gcc/pic32c/8.3.1/../../../../pic32c/lib/thumb/v7e-m+fp/hard\libg-musl.a(read.o)
 .ARM.attributes
                0x00000c59       0x36 c:/program files/microchip/xc32/v4.00/bin/bin/../../lib/gcc/pic32c/8.3.1/../../../../pic32c/lib/thumb/v7e-m+fp/hard\libg-musl.a(writev.o)
 .ARM.attributes
                0x00000c8f       0x36 c:/program files/microchip/xc32/v4.00/bin/bin/../../lib/gcc/pic32c/8.3.1/../../../../pic32c/lib/thumb/v7e-m+fp/hard\libg-musl.a(tolower.o)
 .ARM.attributes
                0x00000cc5       0x34 c:/program files/microchip/xc32/v4.00/bin/bin/../../lib/gcc/pic32c/8.3.1/../../../../pic32c/lib/thumb/v7e-m+fp/hard\libg-musl.a(__errno_location.o)
 .ARM.attributes
                0x00000cf9       0x36 c:/program files/microchip/xc32/v4.00/bin/bin/../../lib/gcc/pic32c/8.3.1/../../../../pic32c/lib/thumb/v7e-m+fp/hard\libg-musl.a(syscall_ret.o)
 .ARM.attributes
                0x00000d2f       0x36 c:/program files/microchip/xc32/v4.00/bin/bin/../../lib/gcc/pic32c/8.3.1/../../../../pic32c/lib/thumb/v7e-m+fp/hard\libg-musl.a(__fmt_a.o)
 .ARM.attributes
                0x00000d65       0x36 c:/program files/microchip/xc32/v4.00/bin/bin/../../lib/gcc/pic32c/8.3.1/../../../../pic32c/lib/thumb/v7e-m+fp/hard\libg-musl.a(__fmt_d.o)
 .ARM.attributes
                0x00000d9b       0x36 c:/program files/microchip/xc32/v4.00/bin/bin/../../lib/gcc/pic32c/8.3.1/../../../../pic32c/lib/thumb/v7e-m+fp/hard\libg-musl.a(__fmt_fp.o)
 .ARM.attributes
                0x00000dd1       0x36 c:/program files/microchip/xc32/v4.00/bin/bin/../../lib/gcc/pic32c/8.3.1/../../../../pic32c/lib/thumb/v7e-m+fp/hard\libg-musl.a(__fmt_o.o)
 .ARM.attributes
                0x00000e07       0x36 c:/program files/microchip/xc32/v4.00/bin/bin/../../lib/gcc/pic32c/8.3.1/../../../../pic32c/lib/thumb/v7e-m+fp/hard\libg-musl.a(__fmt_s.o)
 .ARM.attributes
                0x00000e3d       0x36 c:/program files/microchip/xc32/v4.00/bin/bin/../../lib/gcc/pic32c/8.3.1/../../../../pic32c/lib/thumb/v7e-m+fp/hard\libg-musl.a(__fmt_u.o)
 .ARM.attributes
                0x00000e73       0x36 c:/program files/microchip/xc32/v4.00/bin/bin/../../lib/gcc/pic32c/8.3.1/../../../../pic32c/lib/thumb/v7e-m+fp/hard\libg-musl.a(__fmt_x.o)
 .ARM.attributes
                0x00000ea9       0x36 c:/program files/microchip/xc32/v4.00/bin/bin/../../lib/gcc/pic32c/8.3.1/../../../../pic32c/lib/thumb/v7e-m+fp/hard\libg-musl.a(__fwrite.o)
 .ARM.attributes
                0x00000edf       0x36 c:/program files/microchip/xc32/v4.00/bin/bin/../../lib/gcc/pic32c/8.3.1/../../../../pic32c/lib/thumb/v7e-m+fp/hard\libg-musl.a(__pop_float.o)
 .ARM.attributes
                0x00000f15       0x36 c:/program files/microchip/xc32/v4.00/bin/bin/../../lib/gcc/pic32c/8.3.1/../../../../pic32c/lib/thumb/v7e-m+fp/hard\libg-musl.a(__pop_int.o)
 .ARM.attributes
                0x00000f4b       0x36 c:/program files/microchip/xc32/v4.00/bin/bin/../../lib/gcc/pic32c/8.3.1/../../../../pic32c/lib/thumb/v7e-m+fp/hard\libg-musl.a(__pop_ptr.o)
 .ARM.attributes
                0x00000f81       0x36 c:/program files/microchip/xc32/v4.00/bin/bin/../../lib/gcc/pic32c/8.3.1/../../../../pic32c/lib/thumb/v7e-m+fp/hard\libg-musl.a(toupper.o)
 .ARM.attributes
                0x00000fb7       0x34 c:/program files/microchip/xc32/v4.00/bin/bin/../../lib/gcc/pic32c/8.3.1/../../../../pic32c/lib/thumb/v7e-m+fp/hard\libm-emfloat.a(lib_a-_FLOOR.o)
 .ARM.attributes
                0x00000feb       0x34 c:/program files/microchip/xc32/v4.00/bin/bin/../../lib/gcc/pic32c/8.3.1/../../../../pic32c/lib/thumb/v7e-m+fp/hard\libm-emfloat.a(lib_a-_FMA.o)
 .ARM.attributes
                0x0000101f       0x20 c:/program files/microchip/xc32/v4.00/bin/bin/../../lib/gcc/pic32c/8.3.1/../../../../pic32c/lib/thumb/v7e-m+fp/hard\libm-emfloat.a(floatasmops_arm.o)
 .ARM.attributes
                0x0000103f       0x1e c:/program files/microchip/xc32/v4.00/bin/bin/../../lib/gcc/pic32c/8.3.1/thumb/v7e-m+fp/hard\libgcc.a(_aeabi_uldivmod.o)
 .ARM.attributes
                0x0000105d       0x34 c:/program files/microchip/xc32/v4.00/bin/bin/../../lib/gcc/pic32c/8.3.1/thumb/v7e-m+fp/hard\libgcc.a(_udivmoddi4.o)
 .ARM.attributes
                0x00001091       0x1e c:/program files/microchip/xc32/v4.00/bin/bin/../../lib/gcc/pic32c/8.3.1/thumb/v7e-m+fp/hard\libgcc.a(_dvmd_tls.o)
 .ARM.attributes
                0x000010af       0x34 c:/program files/microchip/xc32/v4.00/bin/bin/../../lib/gcc/pic32c/8.3.1/../../../../pic32c/lib/thumb/v7e-m+fp/hard\libpic32c.a(close.o)
 .ARM.attributes
                0x000010e3       0x34 c:/program files/microchip/xc32/v4.00/bin/bin/../../lib/gcc/pic32c/8.3.1/../../../../pic32c/lib/thumb/v7e-m+fp/hard\libpic32c.a(lseek.o)
 .ARM.attributes
                0x00001117       0x34 c:/program files/microchip/xc32/v4.00/bin/bin/../../lib/gcc/pic32c/8.3.1/../../../../pic32c/lib/thumb/v7e-m+fp/hard\libpic32c.a(sbrk.o)
 .ARM.attributes
                0x0000114b       0x34 c:/program files/microchip/xc32/v4.00/bin/bin/../../lib/gcc/pic32c/8.3.1/../../../../pic32c/lib/thumb/v7e-m+fp/hard\libpic32c.a(write.o)
 .ARM.attributes
                0x0000117f       0x1e c:/program files/microchip/xc32/v4.00/bin/bin/../../lib/gcc/pic32c/8.3.1/thumb/v7e-m+fp/hard/crtn.o

.comment        0x00000000       0x53
 .comment       0x00000000       0x53 c:/program files/microchip/xc32/v4.00/bin/bin/../../lib/gcc/pic32c/8.3.1/thumb/v7e-m+fp/hard/crtbegin.o
                                 0x54 (size before relaxing)
 .comment       0x00000053       0x54 build/sam_e54_xpro/debug/_ext/544748269/bsp.o
 .comment       0x00000053       0x54 build/sam_e54_xpro/debug/_ext/1062319119/drv_memory_nvmctrl.o
 .comment       0x00000053       0x54 build/sam_e54_xpro/debug/_ext/1062319119/drv_memory.o
 .comment       0x00000053       0x54 build/sam_e54_xpro/debug/_ext/1062319119/drv_memory_file_system.o
 .comment       0x00000053       0x54 build/sam_e54_xpro/debug/_ext/2056749927/plib_clock.o
 .comment       0x00000053       0x54 build/sam_e54_xpro/debug/_ext/2058899413/plib_evsys.o
 .comment       0x00000053       0x54 build/sam_e54_xpro/debug/_ext/1950920501/plib_mpu.o
 .comment       0x00000053       0x54 build/sam_e54_xpro/debug/_ext/348958103/plib_nvic.o
 .comment       0x00000053       0x54 build/sam_e54_xpro/debug/_ext/1986180951/plib_nvmctrl.o
 .comment       0x00000053       0x54 build/sam_e54_xpro/debug/_ext/348904952/plib_port.o
 .comment       0x00000053       0x54 build/sam_e54_xpro/debug/_ext/498645085/xc32_monitor.o
 .comment       0x00000053       0x54 build/sam_e54_xpro/debug/_ext/1171329604/ff.o
 .comment       0x00000053       0x54 build/sam_e54_xpro/debug/_ext/1171329604/ffunicode.o
 .comment       0x00000053       0x54 build/sam_e54_xpro/debug/_ext/656274803/diskio.o
 .comment       0x00000053       0x54 build/sam_e54_xpro/debug/_ext/743848790/sys_fs.o
 .comment       0x00000053       0x54 build/sam_e54_xpro/debug/_ext/743848790/sys_fs_media_manager.o
 .comment       0x00000053       0x54 build/sam_e54_xpro/debug/_ext/743848790/sys_fs_fat_interface.o
 .comment       0x00000053       0x54 build/sam_e54_xpro/debug/_ext/68098787/initialization.o
 .comment       0x00000053       0x54 build/sam_e54_xpro/debug/_ext/68098787/interrupts.o
 .comment       0x00000053       0x54 build/sam_e54_xpro/debug/_ext/68098787/exceptions.o
 .comment       0x00000053       0x54 build/sam_e54_xpro/debug/_ext/68098787/startup_xc32.o
 .comment       0x00000053       0x54 build/sam_e54_xpro/debug/_ext/68098787/tasks.o
 .comment       0x00000053       0x54 build/sam_e54_xpro/debug/_ext/1360937237/nvm_disk_images.o
 .comment       0x00000053       0x54 build/sam_e54_xpro/debug/_ext/1360937237/main.o
 .comment       0x00000053       0x54 build/sam_e54_xpro/debug/_ext/1360937237/app.o
 .comment       0x00000053       0x54 build/sam_e54_xpro/debug/_ext/2060180706/plib_sercom2_usart.o
 .comment       0x00000053       0x54 c:/program files/microchip/xc32/v4.00/bin/bin/../../lib/gcc/pic32c/8.3.1/../../../../pic32c/lib/thumb/v7e-m+fp/hard\libpic32c.a(data_init.o)
 .comment       0x00000053       0x54 c:/program files/microchip/xc32/v4.00/bin/bin/../../lib/gcc/pic32c/8.3.1/../../../../pic32c/lib/thumb/v7e-m+fp/hard\libg-musl.a(__libc_start_main.o)
 .comment       0x00000053       0x54 c:/program files/microchip/xc32/v4.00/bin/bin/../../lib/gcc/pic32c/8.3.1/../../../../pic32c/lib/thumb/v7e-m+fp/hard\libg-musl.a(libc.o)
 .comment       0x00000053       0x54 c:/program files/microchip/xc32/v4.00/bin/bin/../../lib/gcc/pic32c/8.3.1/../../../../pic32c/lib/thumb/v7e-m+fp/hard\libg-musl.a(stdin.o)
 .comment       0x00000053       0x54 c:/program files/microchip/xc32/v4.00/bin/bin/../../lib/gcc/pic32c/8.3.1/../../../../pic32c/lib/thumb/v7e-m+fp/hard\libg-musl.a(stdout.o)
 .comment       0x00000053       0x54 c:/program files/microchip/xc32/v4.00/bin/bin/../../lib/gcc/pic32c/8.3.1/../../../../pic32c/lib/thumb/v7e-m+fp/hard\libg-musl.a(printf.o)
 .comment       0x00000053       0x54 c:/program files/microchip/xc32/v4.00/bin/bin/../../lib/gcc/pic32c/8.3.1/../../../../pic32c/lib/thumb/v7e-m+fp/hard\libg-musl.a(setbuf.o)
 .comment       0x00000053       0x54 c:/program files/microchip/xc32/v4.00/bin/bin/../../lib/gcc/pic32c/8.3.1/../../../../pic32c/lib/thumb/v7e-m+fp/hard\libg-musl.a(memcpy.o)
 .comment       0x00000053       0x54 c:/program files/microchip/xc32/v4.00/bin/bin/../../lib/gcc/pic32c/8.3.1/../../../../pic32c/lib/thumb/v7e-m+fp/hard\libg-musl.a(memset.o)
 .comment       0x00000053       0x54 c:/program files/microchip/xc32/v4.00/bin/bin/../../lib/gcc/pic32c/8.3.1/../../../../pic32c/lib/thumb/v7e-m+fp/hard\libg-musl.a(strlen.o)
 .comment       0x00000053       0x54 c:/program files/microchip/xc32/v4.00/bin/bin/../../lib/gcc/pic32c/8.3.1/../../../../pic32c/lib/thumb/v7e-m+fp/hard\libg-musl.a(strcmp.o)
 .comment       0x00000053       0x54 c:/program files/microchip/xc32/v4.00/bin/bin/../../lib/gcc/pic32c/8.3.1/../../../../pic32c/lib/thumb/v7e-m+fp/hard\libg-musl.a(strcpy.o)
 .comment       0x00000053       0x54 c:/program files/microchip/xc32/v4.00/bin/bin/../../lib/gcc/pic32c/8.3.1/../../../../pic32c/lib/thumb/v7e-m+fp/hard\libg-musl.a(strncmp.o)
 .comment       0x00000053       0x54 c:/program files/microchip/xc32/v4.00/bin/bin/../../lib/gcc/pic32c/8.3.1/../../../../pic32c/lib/thumb/v7e-m+fp/hard\libg-musl.a(__environ.o)
 .comment       0x00000053       0x54 c:/program files/microchip/xc32/v4.00/bin/bin/../../lib/gcc/pic32c/8.3.1/../../../../pic32c/lib/thumb/v7e-m+fp/hard\libg-musl.a(__stdio_read.o)
 .comment       0x00000053       0x54 c:/program files/microchip/xc32/v4.00/bin/bin/../../lib/gcc/pic32c/8.3.1/../../../../pic32c/lib/thumb/v7e-m+fp/hard\libg-musl.a(__towrite_rw.o)
 .comment       0x00000053       0x54 c:/program files/microchip/xc32/v4.00/bin/bin/../../lib/gcc/pic32c/8.3.1/../../../../pic32c/lib/thumb/v7e-m+fp/hard\libg-musl.a(setvbuf.o)
 .comment       0x00000053       0x54 c:/program files/microchip/xc32/v4.00/bin/bin/../../lib/gcc/pic32c/8.3.1/../../../../pic32c/lib/thumb/v7e-m+fp/hard\libg-musl.a(vfprintf.o)
 .comment       0x00000053       0x54 c:/program files/microchip/xc32/v4.00/bin/bin/../../lib/gcc/pic32c/8.3.1/../../../../pic32c/lib/thumb/v7e-m+fp/hard\libg-musl.a(stpcpy.o)
 .comment       0x00000053       0x54 c:/program files/microchip/xc32/v4.00/bin/bin/../../lib/gcc/pic32c/8.3.1/../../../../pic32c/lib/thumb/v7e-m+fp/hard\libg-musl.a(readv.o)
 .comment       0x00000053       0x54 c:/program files/microchip/xc32/v4.00/bin/bin/../../lib/gcc/pic32c/8.3.1/../../../../pic32c/lib/thumb/v7e-m+fp/hard\libg-musl.a(malloc.o)
 .comment       0x00000053       0x54 c:/program files/microchip/xc32/v4.00/bin/bin/../../lib/gcc/pic32c/8.3.1/../../../../pic32c/lib/thumb/v7e-m+fp/hard\libg-musl.a(expand_heap.o)
 .comment       0x00000053       0x54 c:/program files/microchip/xc32/v4.00/bin/bin/../../lib/gcc/pic32c/8.3.1/../../../../pic32c/lib/thumb/v7e-m+fp/hard\libg-musl.a(__init_stdio.o)
 .comment       0x00000053       0x54 c:/program files/microchip/xc32/v4.00/bin/bin/../../lib/gcc/pic32c/8.3.1/../../../../pic32c/lib/thumb/v7e-m+fp/hard\libg-musl.a(__out.o)
 .comment       0x00000053       0x54 c:/program files/microchip/xc32/v4.00/bin/bin/../../lib/gcc/pic32c/8.3.1/../../../../pic32c/lib/thumb/v7e-m+fp/hard\libg-musl.a(__printf_core.o)
 .comment       0x00000053       0x54 c:/program files/microchip/xc32/v4.00/bin/bin/../../lib/gcc/pic32c/8.3.1/../../../../pic32c/lib/thumb/v7e-m+fp/hard\libg-musl.a(__stderr.o)
 .comment       0x00000053       0x54 c:/program files/microchip/xc32/v4.00/bin/bin/../../lib/gcc/pic32c/8.3.1/../../../../pic32c/lib/thumb/v7e-m+fp/hard\libg-musl.a(__stdio_close.o)
 .comment       0x00000053       0x54 c:/program files/microchip/xc32/v4.00/bin/bin/../../lib/gcc/pic32c/8.3.1/../../../../pic32c/lib/thumb/v7e-m+fp/hard\libg-musl.a(__stdio_write.o)
 .comment       0x00000053       0x54 c:/program files/microchip/xc32/v4.00/bin/bin/../../lib/gcc/pic32c/8.3.1/../../../../pic32c/lib/thumb/v7e-m+fp/hard\libg-musl.a(__stdout.o)
 .comment       0x00000053       0x54 c:/program files/microchip/xc32/v4.00/bin/bin/../../lib/gcc/pic32c/8.3.1/../../../../pic32c/lib/thumb/v7e-m+fp/hard\libg-musl.a(__towrite.o)
 .comment       0x00000053       0x54 c:/program files/microchip/xc32/v4.00/bin/bin/../../lib/gcc/pic32c/8.3.1/../../../../pic32c/lib/thumb/v7e-m+fp/hard\libg-musl.a(atoi.o)
 .comment       0x00000053       0x54 c:/program files/microchip/xc32/v4.00/bin/bin/../../lib/gcc/pic32c/8.3.1/../../../../pic32c/lib/thumb/v7e-m+fp/hard\libg-musl.a(read.o)
 .comment       0x00000053       0x54 c:/program files/microchip/xc32/v4.00/bin/bin/../../lib/gcc/pic32c/8.3.1/../../../../pic32c/lib/thumb/v7e-m+fp/hard\libg-musl.a(writev.o)
 .comment       0x00000053       0x54 c:/program files/microchip/xc32/v4.00/bin/bin/../../lib/gcc/pic32c/8.3.1/../../../../pic32c/lib/thumb/v7e-m+fp/hard\libg-musl.a(tolower.o)
 .comment       0x00000053       0x54 c:/program files/microchip/xc32/v4.00/bin/bin/../../lib/gcc/pic32c/8.3.1/../../../../pic32c/lib/thumb/v7e-m+fp/hard\libg-musl.a(__errno_location.o)
 .comment       0x00000053       0x54 c:/program files/microchip/xc32/v4.00/bin/bin/../../lib/gcc/pic32c/8.3.1/../../../../pic32c/lib/thumb/v7e-m+fp/hard\libg-musl.a(syscall_ret.o)
 .comment       0x00000053       0x54 c:/program files/microchip/xc32/v4.00/bin/bin/../../lib/gcc/pic32c/8.3.1/../../../../pic32c/lib/thumb/v7e-m+fp/hard\libg-musl.a(__fmt_a.o)
 .comment       0x00000053       0x54 c:/program files/microchip/xc32/v4.00/bin/bin/../../lib/gcc/pic32c/8.3.1/../../../../pic32c/lib/thumb/v7e-m+fp/hard\libg-musl.a(__fmt_d.o)
 .comment       0x00000053       0x54 c:/program files/microchip/xc32/v4.00/bin/bin/../../lib/gcc/pic32c/8.3.1/../../../../pic32c/lib/thumb/v7e-m+fp/hard\libg-musl.a(__fmt_fp.o)
 .comment       0x00000053       0x54 c:/program files/microchip/xc32/v4.00/bin/bin/../../lib/gcc/pic32c/8.3.1/../../../../pic32c/lib/thumb/v7e-m+fp/hard\libg-musl.a(__fmt_o.o)
 .comment       0x00000053       0x54 c:/program files/microchip/xc32/v4.00/bin/bin/../../lib/gcc/pic32c/8.3.1/../../../../pic32c/lib/thumb/v7e-m+fp/hard\libg-musl.a(__fmt_s.o)
 .comment       0x00000053       0x54 c:/program files/microchip/xc32/v4.00/bin/bin/../../lib/gcc/pic32c/8.3.1/../../../../pic32c/lib/thumb/v7e-m+fp/hard\libg-musl.a(__fmt_u.o)
 .comment       0x00000053       0x54 c:/program files/microchip/xc32/v4.00/bin/bin/../../lib/gcc/pic32c/8.3.1/../../../../pic32c/lib/thumb/v7e-m+fp/hard\libg-musl.a(__fmt_x.o)
 .comment       0x00000053       0x54 c:/program files/microchip/xc32/v4.00/bin/bin/../../lib/gcc/pic32c/8.3.1/../../../../pic32c/lib/thumb/v7e-m+fp/hard\libg-musl.a(__fwrite.o)
 .comment       0x00000053       0x54 c:/program files/microchip/xc32/v4.00/bin/bin/../../lib/gcc/pic32c/8.3.1/../../../../pic32c/lib/thumb/v7e-m+fp/hard\libg-musl.a(__pop_float.o)
 .comment       0x00000053       0x54 c:/program files/microchip/xc32/v4.00/bin/bin/../../lib/gcc/pic32c/8.3.1/../../../../pic32c/lib/thumb/v7e-m+fp/hard\libg-musl.a(__pop_int.o)
 .comment       0x00000053       0x54 c:/program files/microchip/xc32/v4.00/bin/bin/../../lib/gcc/pic32c/8.3.1/../../../../pic32c/lib/thumb/v7e-m+fp/hard\libg-musl.a(__pop_ptr.o)
 .comment       0x00000053       0x54 c:/program files/microchip/xc32/v4.00/bin/bin/../../lib/gcc/pic32c/8.3.1/../../../../pic32c/lib/thumb/v7e-m+fp/hard\libg-musl.a(toupper.o)
 .comment       0x00000053       0x54 c:/program files/microchip/xc32/v4.00/bin/bin/../../lib/gcc/pic32c/8.3.1/../../../../pic32c/lib/thumb/v7e-m+fp/hard\libm-emfloat.a(lib_a-_FLOOR.o)
 .comment       0x00000053       0x54 c:/program files/microchip/xc32/v4.00/bin/bin/../../lib/gcc/pic32c/8.3.1/../../../../pic32c/lib/thumb/v7e-m+fp/hard\libm-emfloat.a(lib_a-_FMA.o)
 .comment       0x00000053       0x54 c:/program files/microchip/xc32/v4.00/bin/bin/../../lib/gcc/pic32c/8.3.1/thumb/v7e-m+fp/hard\libgcc.a(_udivmoddi4.o)
 .comment       0x00000053       0x54 c:/program files/microchip/xc32/v4.00/bin/bin/../../lib/gcc/pic32c/8.3.1/../../../../pic32c/lib/thumb/v7e-m+fp/hard\libpic32c.a(close.o)
 .comment       0x00000053       0x54 c:/program files/microchip/xc32/v4.00/bin/bin/../../lib/gcc/pic32c/8.3.1/../../../../pic32c/lib/thumb/v7e-m+fp/hard\libpic32c.a(lseek.o)
 .comment       0x00000053       0x54 c:/program files/microchip/xc32/v4.00/bin/bin/../../lib/gcc/pic32c/8.3.1/../../../../pic32c/lib/thumb/v7e-m+fp/hard\libpic32c.a(sbrk.o)
 .comment       0x00000053       0x54 c:/program files/microchip/xc32/v4.00/bin/bin/../../lib/gcc/pic32c/8.3.1/../../../../pic32c/lib/thumb/v7e-m+fp/hard\libpic32c.a(write.o)

.debug_info     0x00000000    0x3ade2
 .debug_info    0x00000000      0x5cf build/sam_e54_xpro/debug/_ext/544748269/bsp.o
 .debug_info    0x000005cf      0xbfe build/sam_e54_xpro/debug/_ext/1062319119/drv_memory_nvmctrl.o
 .debug_info    0x000011cd     0x322c build/sam_e54_xpro/debug/_ext/1062319119/drv_memory.o
 .debug_info    0x000043f9      0xcfe build/sam_e54_xpro/debug/_ext/1062319119/drv_memory_file_system.o
 .debug_info    0x000050f7      0xb87 build/sam_e54_xpro/debug/_ext/2056749927/plib_clock.o
 .debug_info    0x00005c7e      0x344 build/sam_e54_xpro/debug/_ext/2058899413/plib_evsys.o
 .debug_info    0x00005fc2      0x68c build/sam_e54_xpro/debug/_ext/1950920501/plib_mpu.o
 .debug_info    0x0000664e      0x83b build/sam_e54_xpro/debug/_ext/348958103/plib_nvic.o
 .debug_info    0x00006e89      0xd4a build/sam_e54_xpro/debug/_ext/1986180951/plib_nvmctrl.o
 .debug_info    0x00007bd3     0x10eb build/sam_e54_xpro/debug/_ext/348904952/plib_port.o
 .debug_info    0x00008cbe      0x5ed build/sam_e54_xpro/debug/_ext/498645085/xc32_monitor.o
 .debug_info    0x000092ab     0x6a18 build/sam_e54_xpro/debug/_ext/1171329604/ff.o
 .debug_info    0x0000fcc3      0x5e1 build/sam_e54_xpro/debug/_ext/1171329604/ffunicode.o
 .debug_info    0x000102a4     0x1019 build/sam_e54_xpro/debug/_ext/656274803/diskio.o
 .debug_info    0x000112bd     0x4aa6 build/sam_e54_xpro/debug/_ext/743848790/sys_fs.o
 .debug_info    0x00015d63     0x2559 build/sam_e54_xpro/debug/_ext/743848790/sys_fs_media_manager.o
 .debug_info    0x000182bc     0x2517 build/sam_e54_xpro/debug/_ext/743848790/sys_fs_fat_interface.o
 .debug_info    0x0001a7d3     0x1ee9 build/sam_e54_xpro/debug/_ext/68098787/initialization.o
 .debug_info    0x0001c6bc     0x1aa5 build/sam_e54_xpro/debug/_ext/68098787/interrupts.o
 .debug_info    0x0001e161      0x5da build/sam_e54_xpro/debug/_ext/68098787/exceptions.o
 .debug_info    0x0001e73b      0x942 build/sam_e54_xpro/debug/_ext/68098787/startup_xc32.o
 .debug_info    0x0001f07d      0x551 build/sam_e54_xpro/debug/_ext/68098787/tasks.o
 .debug_info    0x0001f5ce      0x6d4 build/sam_e54_xpro/debug/_ext/1360937237/nvm_disk_images.o
 .debug_info    0x0001fca2      0x52c build/sam_e54_xpro/debug/_ext/1360937237/main.o
 .debug_info    0x000201ce      0x945 build/sam_e54_xpro/debug/_ext/1360937237/app.o
 .debug_info    0x00020b13     0x1544 build/sam_e54_xpro/debug/_ext/2060180706/plib_sercom2_usart.o
 .debug_info    0x00022057      0x2db c:/program files/microchip/xc32/v4.00/bin/bin/../../lib/gcc/pic32c/8.3.1/../../../../pic32c/lib/thumb/v7e-m+fp/hard\libpic32c.a(data_init.o)
 .debug_info    0x00022332      0x6b3 c:/program files/microchip/xc32/v4.00/bin/bin/../../lib/gcc/pic32c/8.3.1/../../../../pic32c/lib/thumb/v7e-m+fp/hard\libg-musl.a(__libc_start_main.o)
 .debug_info    0x000229e5      0x5df c:/program files/microchip/xc32/v4.00/bin/bin/../../lib/gcc/pic32c/8.3.1/../../../../pic32c/lib/thumb/v7e-m+fp/hard\libg-musl.a(libc.o)
 .debug_info    0x00022fc4      0x935 c:/program files/microchip/xc32/v4.00/bin/bin/../../lib/gcc/pic32c/8.3.1/../../../../pic32c/lib/thumb/v7e-m+fp/hard\libg-musl.a(stdin.o)
 .debug_info    0x000238f9      0x73f c:/program files/microchip/xc32/v4.00/bin/bin/../../lib/gcc/pic32c/8.3.1/../../../../pic32c/lib/thumb/v7e-m+fp/hard\libg-musl.a(stdout.o)
 .debug_info    0x00024038      0x391 c:/program files/microchip/xc32/v4.00/bin/bin/../../lib/gcc/pic32c/8.3.1/../../../../pic32c/lib/thumb/v7e-m+fp/hard\libg-musl.a(printf.o)
 .debug_info    0x000243c9      0x359 c:/program files/microchip/xc32/v4.00/bin/bin/../../lib/gcc/pic32c/8.3.1/../../../../pic32c/lib/thumb/v7e-m+fp/hard\libg-musl.a(setbuf.o)
 .debug_info    0x00024722      0x31e c:/program files/microchip/xc32/v4.00/bin/bin/../../lib/gcc/pic32c/8.3.1/../../../../pic32c/lib/thumb/v7e-m+fp/hard\libg-musl.a(memcpy.o)
 .debug_info    0x00024a40      0x2dc c:/program files/microchip/xc32/v4.00/bin/bin/../../lib/gcc/pic32c/8.3.1/../../../../pic32c/lib/thumb/v7e-m+fp/hard\libg-musl.a(memset.o)
 .debug_info    0x00024d1c      0x2cd c:/program files/microchip/xc32/v4.00/bin/bin/../../lib/gcc/pic32c/8.3.1/../../../../pic32c/lib/thumb/v7e-m+fp/hard\libg-musl.a(strlen.o)
 .debug_info    0x00024fe9      0x2b1 c:/program files/microchip/xc32/v4.00/bin/bin/../../lib/gcc/pic32c/8.3.1/../../../../pic32c/lib/thumb/v7e-m+fp/hard\libg-musl.a(strcmp.o)
 .debug_info    0x0002529a      0x2db c:/program files/microchip/xc32/v4.00/bin/bin/../../lib/gcc/pic32c/8.3.1/../../../../pic32c/lib/thumb/v7e-m+fp/hard\libg-musl.a(strcpy.o)
 .debug_info    0x00025575      0x317 c:/program files/microchip/xc32/v4.00/bin/bin/../../lib/gcc/pic32c/8.3.1/../../../../pic32c/lib/thumb/v7e-m+fp/hard\libg-musl.a(strncmp.o)
 .debug_info    0x0002588c      0x596 c:/program files/microchip/xc32/v4.00/bin/bin/../../lib/gcc/pic32c/8.3.1/../../../../pic32c/lib/thumb/v7e-m+fp/hard\libg-musl.a(__environ.o)
 .debug_info    0x00025e22      0x979 c:/program files/microchip/xc32/v4.00/bin/bin/../../lib/gcc/pic32c/8.3.1/../../../../pic32c/lib/thumb/v7e-m+fp/hard\libg-musl.a(__stdio_read.o)
 .debug_info    0x0002679b      0x864 c:/program files/microchip/xc32/v4.00/bin/bin/../../lib/gcc/pic32c/8.3.1/../../../../pic32c/lib/thumb/v7e-m+fp/hard\libg-musl.a(__towrite_rw.o)
 .debug_info    0x00026fff      0x836 c:/program files/microchip/xc32/v4.00/bin/bin/../../lib/gcc/pic32c/8.3.1/../../../../pic32c/lib/thumb/v7e-m+fp/hard\libg-musl.a(setvbuf.o)
 .debug_info    0x00027835      0x94d c:/program files/microchip/xc32/v4.00/bin/bin/../../lib/gcc/pic32c/8.3.1/../../../../pic32c/lib/thumb/v7e-m+fp/hard\libg-musl.a(vfprintf.o)
 .debug_info    0x00028182      0x5b9 c:/program files/microchip/xc32/v4.00/bin/bin/../../lib/gcc/pic32c/8.3.1/../../../../pic32c/lib/thumb/v7e-m+fp/hard\libg-musl.a(stpcpy.o)
 .debug_info    0x0002873b      0x6a0 c:/program files/microchip/xc32/v4.00/bin/bin/../../lib/gcc/pic32c/8.3.1/../../../../pic32c/lib/thumb/v7e-m+fp/hard\libg-musl.a(readv.o)
 .debug_info    0x00028ddb     0x14aa c:/program files/microchip/xc32/v4.00/bin/bin/../../lib/gcc/pic32c/8.3.1/../../../../pic32c/lib/thumb/v7e-m+fp/hard\libg-musl.a(malloc.o)
 .debug_info    0x0002a285      0x682 c:/program files/microchip/xc32/v4.00/bin/bin/../../lib/gcc/pic32c/8.3.1/../../../../pic32c/lib/thumb/v7e-m+fp/hard\libg-musl.a(expand_heap.o)
 .debug_info    0x0002a907      0x879 c:/program files/microchip/xc32/v4.00/bin/bin/../../lib/gcc/pic32c/8.3.1/../../../../pic32c/lib/thumb/v7e-m+fp/hard\libg-musl.a(__init_stdio.o)
 .debug_info    0x0002b180      0x855 c:/program files/microchip/xc32/v4.00/bin/bin/../../lib/gcc/pic32c/8.3.1/../../../../pic32c/lib/thumb/v7e-m+fp/hard\libg-musl.a(__out.o)
 .debug_info    0x0002b9d5     0x1017 c:/program files/microchip/xc32/v4.00/bin/bin/../../lib/gcc/pic32c/8.3.1/../../../../pic32c/lib/thumb/v7e-m+fp/hard\libg-musl.a(__printf_core.o)
 .debug_info    0x0002c9ec      0x8f5 c:/program files/microchip/xc32/v4.00/bin/bin/../../lib/gcc/pic32c/8.3.1/../../../../pic32c/lib/thumb/v7e-m+fp/hard\libg-musl.a(__stderr.o)
 .debug_info    0x0002d2e1      0x994 c:/program files/microchip/xc32/v4.00/bin/bin/../../lib/gcc/pic32c/8.3.1/../../../../pic32c/lib/thumb/v7e-m+fp/hard\libg-musl.a(__stdio_close.o)
 .debug_info    0x0002dc75      0xa28 c:/program files/microchip/xc32/v4.00/bin/bin/../../lib/gcc/pic32c/8.3.1/../../../../pic32c/lib/thumb/v7e-m+fp/hard\libg-musl.a(__stdio_write.o)
 .debug_info    0x0002e69d      0x8f5 c:/program files/microchip/xc32/v4.00/bin/bin/../../lib/gcc/pic32c/8.3.1/../../../../pic32c/lib/thumb/v7e-m+fp/hard\libg-musl.a(__stdout.o)
 .debug_info    0x0002ef92      0x7e4 c:/program files/microchip/xc32/v4.00/bin/bin/../../lib/gcc/pic32c/8.3.1/../../../../pic32c/lib/thumb/v7e-m+fp/hard\libg-musl.a(__towrite.o)
 .debug_info    0x0002f776      0x322 c:/program files/microchip/xc32/v4.00/bin/bin/../../lib/gcc/pic32c/8.3.1/../../../../pic32c/lib/thumb/v7e-m+fp/hard\libg-musl.a(atoi.o)
 .debug_info    0x0002fa98      0x67f c:/program files/microchip/xc32/v4.00/bin/bin/../../lib/gcc/pic32c/8.3.1/../../../../pic32c/lib/thumb/v7e-m+fp/hard\libg-musl.a(read.o)
 .debug_info    0x00030117      0x6a4 c:/program files/microchip/xc32/v4.00/bin/bin/../../lib/gcc/pic32c/8.3.1/../../../../pic32c/lib/thumb/v7e-m+fp/hard\libg-musl.a(writev.o)
 .debug_info    0x000307bb      0x5fd c:/program files/microchip/xc32/v4.00/bin/bin/../../lib/gcc/pic32c/8.3.1/../../../../pic32c/lib/thumb/v7e-m+fp/hard\libg-musl.a(tolower.o)
 .debug_info    0x00030db8      0x57a c:/program files/microchip/xc32/v4.00/bin/bin/../../lib/gcc/pic32c/8.3.1/../../../../pic32c/lib/thumb/v7e-m+fp/hard\libg-musl.a(__errno_location.o)
 .debug_info    0x00031332      0x5d1 c:/program files/microchip/xc32/v4.00/bin/bin/../../lib/gcc/pic32c/8.3.1/../../../../pic32c/lib/thumb/v7e-m+fp/hard\libg-musl.a(syscall_ret.o)
 .debug_info    0x00031903      0xbf2 c:/program files/microchip/xc32/v4.00/bin/bin/../../lib/gcc/pic32c/8.3.1/../../../../pic32c/lib/thumb/v7e-m+fp/hard\libg-musl.a(__fmt_a.o)
 .debug_info    0x000324f5      0x8bc c:/program files/microchip/xc32/v4.00/bin/bin/../../lib/gcc/pic32c/8.3.1/../../../../pic32c/lib/thumb/v7e-m+fp/hard\libg-musl.a(__fmt_d.o)
 .debug_info    0x00032db1      0xcda c:/program files/microchip/xc32/v4.00/bin/bin/../../lib/gcc/pic32c/8.3.1/../../../../pic32c/lib/thumb/v7e-m+fp/hard\libg-musl.a(__fmt_fp.o)
 .debug_info    0x00033a8b      0x88d c:/program files/microchip/xc32/v4.00/bin/bin/../../lib/gcc/pic32c/8.3.1/../../../../pic32c/lib/thumb/v7e-m+fp/hard\libg-musl.a(__fmt_o.o)
 .debug_info    0x00034318      0x833 c:/program files/microchip/xc32/v4.00/bin/bin/../../lib/gcc/pic32c/8.3.1/../../../../pic32c/lib/thumb/v7e-m+fp/hard\libg-musl.a(__fmt_s.o)
 .debug_info    0x00034b4b      0x95a c:/program files/microchip/xc32/v4.00/bin/bin/../../lib/gcc/pic32c/8.3.1/../../../../pic32c/lib/thumb/v7e-m+fp/hard\libg-musl.a(__fmt_u.o)
 .debug_info    0x000354a5      0x8f3 c:/program files/microchip/xc32/v4.00/bin/bin/../../lib/gcc/pic32c/8.3.1/../../../../pic32c/lib/thumb/v7e-m+fp/hard\libg-musl.a(__fmt_x.o)
 .debug_info    0x00035d98      0x8bc c:/program files/microchip/xc32/v4.00/bin/bin/../../lib/gcc/pic32c/8.3.1/../../../../pic32c/lib/thumb/v7e-m+fp/hard\libg-musl.a(__fwrite.o)
 .debug_info    0x00036654      0x760 c:/program files/microchip/xc32/v4.00/bin/bin/../../lib/gcc/pic32c/8.3.1/../../../../pic32c/lib/thumb/v7e-m+fp/hard\libg-musl.a(__pop_float.o)
 .debug_info    0x00036db4      0x784 c:/program files/microchip/xc32/v4.00/bin/bin/../../lib/gcc/pic32c/8.3.1/../../../../pic32c/lib/thumb/v7e-m+fp/hard\libg-musl.a(__pop_int.o)
 .debug_info    0x00037538      0x77b c:/program files/microchip/xc32/v4.00/bin/bin/../../lib/gcc/pic32c/8.3.1/../../../../pic32c/lib/thumb/v7e-m+fp/hard\libg-musl.a(__pop_ptr.o)
 .debug_info    0x00037cb3      0x5fd c:/program files/microchip/xc32/v4.00/bin/bin/../../lib/gcc/pic32c/8.3.1/../../../../pic32c/lib/thumb/v7e-m+fp/hard\libg-musl.a(toupper.o)
 .debug_info    0x000382b0       0x26 c:/program files/microchip/xc32/v4.00/bin/bin/../../lib/gcc/pic32c/8.3.1/thumb/v7e-m+fp/hard\libgcc.a(_aeabi_uldivmod.o)
 .debug_info    0x000382d6     0x1fea c:/program files/microchip/xc32/v4.00/bin/bin/../../lib/gcc/pic32c/8.3.1/thumb/v7e-m+fp/hard\libgcc.a(_udivmoddi4.o)
 .debug_info    0x0003a2c0       0x26 c:/program files/microchip/xc32/v4.00/bin/bin/../../lib/gcc/pic32c/8.3.1/thumb/v7e-m+fp/hard\libgcc.a(_dvmd_tls.o)
 .debug_info    0x0003a2e6      0x2bf c:/program files/microchip/xc32/v4.00/bin/bin/../../lib/gcc/pic32c/8.3.1/../../../../pic32c/lib/thumb/v7e-m+fp/hard\libpic32c.a(close.o)
 .debug_info    0x0003a5a5      0x2bf c:/program files/microchip/xc32/v4.00/bin/bin/../../lib/gcc/pic32c/8.3.1/../../../../pic32c/lib/thumb/v7e-m+fp/hard\libpic32c.a(lseek.o)
 .debug_info    0x0003a864      0x2be c:/program files/microchip/xc32/v4.00/bin/bin/../../lib/gcc/pic32c/8.3.1/../../../../pic32c/lib/thumb/v7e-m+fp/hard\libpic32c.a(sbrk.o)
 .debug_info    0x0003ab22      0x2c0 c:/program files/microchip/xc32/v4.00/bin/bin/../../lib/gcc/pic32c/8.3.1/../../../../pic32c/lib/thumb/v7e-m+fp/hard\libpic32c.a(write.o)

.debug_abbrev   0x00000000     0x7486
 .debug_abbrev  0x00000000       0xe0 build/sam_e54_xpro/debug/_ext/544748269/bsp.o
 .debug_abbrev  0x000000e0      0x1b7 build/sam_e54_xpro/debug/_ext/1062319119/drv_memory_nvmctrl.o
 .debug_abbrev  0x00000297      0x532 build/sam_e54_xpro/debug/_ext/1062319119/drv_memory.o
 .debug_abbrev  0x000007c9      0x192 build/sam_e54_xpro/debug/_ext/1062319119/drv_memory_file_system.o
 .debug_abbrev  0x0000095b      0x135 build/sam_e54_xpro/debug/_ext/2056749927/plib_clock.o
 .debug_abbrev  0x00000a90       0x64 build/sam_e54_xpro/debug/_ext/2058899413/plib_evsys.o
 .debug_abbrev  0x00000af4       0xd5 build/sam_e54_xpro/debug/_ext/1950920501/plib_mpu.o
 .debug_abbrev  0x00000bc9      0x1a0 build/sam_e54_xpro/debug/_ext/348958103/plib_nvic.o
 .debug_abbrev  0x00000d69      0x25f build/sam_e54_xpro/debug/_ext/1986180951/plib_nvmctrl.o
 .debug_abbrev  0x00000fc8      0x1e9 build/sam_e54_xpro/debug/_ext/348904952/plib_port.o
 .debug_abbrev  0x000011b1      0x16d build/sam_e54_xpro/debug/_ext/498645085/xc32_monitor.o
 .debug_abbrev  0x0000131e      0x3f3 build/sam_e54_xpro/debug/_ext/1171329604/ff.o
 .debug_abbrev  0x00001711      0x155 build/sam_e54_xpro/debug/_ext/1171329604/ffunicode.o
 .debug_abbrev  0x00001866      0x31e build/sam_e54_xpro/debug/_ext/656274803/diskio.o
 .debug_abbrev  0x00001b84      0x53b build/sam_e54_xpro/debug/_ext/743848790/sys_fs.o
 .debug_abbrev  0x000020bf      0x509 build/sam_e54_xpro/debug/_ext/743848790/sys_fs_media_manager.o
 .debug_abbrev  0x000025c8      0x340 build/sam_e54_xpro/debug/_ext/743848790/sys_fs_fat_interface.o
 .debug_abbrev  0x00002908      0x2b1 build/sam_e54_xpro/debug/_ext/68098787/initialization.o
 .debug_abbrev  0x00002bb9      0x11a build/sam_e54_xpro/debug/_ext/68098787/interrupts.o
 .debug_abbrev  0x00002cd3       0xec build/sam_e54_xpro/debug/_ext/68098787/exceptions.o
 .debug_abbrev  0x00002dbf      0x209 build/sam_e54_xpro/debug/_ext/68098787/startup_xc32.o
 .debug_abbrev  0x00002fc8      0x11e build/sam_e54_xpro/debug/_ext/68098787/tasks.o
 .debug_abbrev  0x000030e6       0xee build/sam_e54_xpro/debug/_ext/1360937237/nvm_disk_images.o
 .debug_abbrev  0x000031d4      0x125 build/sam_e54_xpro/debug/_ext/1360937237/main.o
 .debug_abbrev  0x000032f9      0x1bf build/sam_e54_xpro/debug/_ext/1360937237/app.o
 .debug_abbrev  0x000034b8      0x2b4 build/sam_e54_xpro/debug/_ext/2060180706/plib_sercom2_usart.o
 .debug_abbrev  0x0000376c       0x2e c:/program files/microchip/xc32/v4.00/bin/bin/../../lib/gcc/pic32c/8.3.1/../../../../pic32c/lib/thumb/v7e-m+fp/hard\libpic32c.a(data_init.o)
 .debug_abbrev  0x0000379a      0x126 c:/program files/microchip/xc32/v4.00/bin/bin/../../lib/gcc/pic32c/8.3.1/../../../../pic32c/lib/thumb/v7e-m+fp/hard\libg-musl.a(__libc_start_main.o)
 .debug_abbrev  0x000038c0       0xc7 c:/program files/microchip/xc32/v4.00/bin/bin/../../lib/gcc/pic32c/8.3.1/../../../../pic32c/lib/thumb/v7e-m+fp/hard\libg-musl.a(libc.o)
 .debug_abbrev  0x00003987      0x178 c:/program files/microchip/xc32/v4.00/bin/bin/../../lib/gcc/pic32c/8.3.1/../../../../pic32c/lib/thumb/v7e-m+fp/hard\libg-musl.a(stdin.o)
 .debug_abbrev  0x00003aff      0x157 c:/program files/microchip/xc32/v4.00/bin/bin/../../lib/gcc/pic32c/8.3.1/../../../../pic32c/lib/thumb/v7e-m+fp/hard\libg-musl.a(stdout.o)
 .debug_abbrev  0x00003c56      0x112 c:/program files/microchip/xc32/v4.00/bin/bin/../../lib/gcc/pic32c/8.3.1/../../../../pic32c/lib/thumb/v7e-m+fp/hard\libg-musl.a(printf.o)
 .debug_abbrev  0x00003d68       0xba c:/program files/microchip/xc32/v4.00/bin/bin/../../lib/gcc/pic32c/8.3.1/../../../../pic32c/lib/thumb/v7e-m+fp/hard\libg-musl.a(setbuf.o)
 .debug_abbrev  0x00003e22       0x9c c:/program files/microchip/xc32/v4.00/bin/bin/../../lib/gcc/pic32c/8.3.1/../../../../pic32c/lib/thumb/v7e-m+fp/hard\libg-musl.a(memcpy.o)
 .debug_abbrev  0x00003ebe       0x97 c:/program files/microchip/xc32/v4.00/bin/bin/../../lib/gcc/pic32c/8.3.1/../../../../pic32c/lib/thumb/v7e-m+fp/hard\libg-musl.a(memset.o)
 .debug_abbrev  0x00003f55       0x86 c:/program files/microchip/xc32/v4.00/bin/bin/../../lib/gcc/pic32c/8.3.1/../../../../pic32c/lib/thumb/v7e-m+fp/hard\libg-musl.a(strlen.o)
 .debug_abbrev  0x00003fdb       0x63 c:/program files/microchip/xc32/v4.00/bin/bin/../../lib/gcc/pic32c/8.3.1/../../../../pic32c/lib/thumb/v7e-m+fp/hard\libg-musl.a(strcmp.o)
 .debug_abbrev  0x0000403e       0x8e c:/program files/microchip/xc32/v4.00/bin/bin/../../lib/gcc/pic32c/8.3.1/../../../../pic32c/lib/thumb/v7e-m+fp/hard\libg-musl.a(strcpy.o)
 .debug_abbrev  0x000040cc       0x86 c:/program files/microchip/xc32/v4.00/bin/bin/../../lib/gcc/pic32c/8.3.1/../../../../pic32c/lib/thumb/v7e-m+fp/hard\libg-musl.a(strncmp.o)
 .debug_abbrev  0x00004152       0xc7 c:/program files/microchip/xc32/v4.00/bin/bin/../../lib/gcc/pic32c/8.3.1/../../../../pic32c/lib/thumb/v7e-m+fp/hard\libg-musl.a(__environ.o)
 .debug_abbrev  0x00004219      0x163 c:/program files/microchip/xc32/v4.00/bin/bin/../../lib/gcc/pic32c/8.3.1/../../../../pic32c/lib/thumb/v7e-m+fp/hard\libg-musl.a(__stdio_read.o)
 .debug_abbrev  0x0000437c       0xef c:/program files/microchip/xc32/v4.00/bin/bin/../../lib/gcc/pic32c/8.3.1/../../../../pic32c/lib/thumb/v7e-m+fp/hard\libg-musl.a(__towrite_rw.o)
 .debug_abbrev  0x0000446b      0x158 c:/program files/microchip/xc32/v4.00/bin/bin/../../lib/gcc/pic32c/8.3.1/../../../../pic32c/lib/thumb/v7e-m+fp/hard\libg-musl.a(setvbuf.o)
 .debug_abbrev  0x000045c3      0x180 c:/program files/microchip/xc32/v4.00/bin/bin/../../lib/gcc/pic32c/8.3.1/../../../../pic32c/lib/thumb/v7e-m+fp/hard\libg-musl.a(vfprintf.o)
 .debug_abbrev  0x00004743       0xdf c:/program files/microchip/xc32/v4.00/bin/bin/../../lib/gcc/pic32c/8.3.1/../../../../pic32c/lib/thumb/v7e-m+fp/hard\libg-musl.a(stpcpy.o)
 .debug_abbrev  0x00004822      0x13e c:/program files/microchip/xc32/v4.00/bin/bin/../../lib/gcc/pic32c/8.3.1/../../../../pic32c/lib/thumb/v7e-m+fp/hard\libg-musl.a(readv.o)
 .debug_abbrev  0x00004960      0x413 c:/program files/microchip/xc32/v4.00/bin/bin/../../lib/gcc/pic32c/8.3.1/../../../../pic32c/lib/thumb/v7e-m+fp/hard\libg-musl.a(malloc.o)
 .debug_abbrev  0x00004d73      0x112 c:/program files/microchip/xc32/v4.00/bin/bin/../../lib/gcc/pic32c/8.3.1/../../../../pic32c/lib/thumb/v7e-m+fp/hard\libg-musl.a(expand_heap.o)
 .debug_abbrev  0x00004e85       0xf8 c:/program files/microchip/xc32/v4.00/bin/bin/../../lib/gcc/pic32c/8.3.1/../../../../pic32c/lib/thumb/v7e-m+fp/hard\libg-musl.a(__init_stdio.o)
 .debug_abbrev  0x00004f7d      0x1ac c:/program files/microchip/xc32/v4.00/bin/bin/../../lib/gcc/pic32c/8.3.1/../../../../pic32c/lib/thumb/v7e-m+fp/hard\libg-musl.a(__out.o)
 .debug_abbrev  0x00005129      0x2e8 c:/program files/microchip/xc32/v4.00/bin/bin/../../lib/gcc/pic32c/8.3.1/../../../../pic32c/lib/thumb/v7e-m+fp/hard\libg-musl.a(__printf_core.o)
 .debug_abbrev  0x00005411      0x167 c:/program files/microchip/xc32/v4.00/bin/bin/../../lib/gcc/pic32c/8.3.1/../../../../pic32c/lib/thumb/v7e-m+fp/hard\libg-musl.a(__stderr.o)
 .debug_abbrev  0x00005578      0x135 c:/program files/microchip/xc32/v4.00/bin/bin/../../lib/gcc/pic32c/8.3.1/../../../../pic32c/lib/thumb/v7e-m+fp/hard\libg-musl.a(__stdio_close.o)
 .debug_abbrev  0x000056ad      0x1c4 c:/program files/microchip/xc32/v4.00/bin/bin/../../lib/gcc/pic32c/8.3.1/../../../../pic32c/lib/thumb/v7e-m+fp/hard\libg-musl.a(__stdio_write.o)
 .debug_abbrev  0x00005871      0x167 c:/program files/microchip/xc32/v4.00/bin/bin/../../lib/gcc/pic32c/8.3.1/../../../../pic32c/lib/thumb/v7e-m+fp/hard\libg-musl.a(__stdout.o)
 .debug_abbrev  0x000059d8      0x134 c:/program files/microchip/xc32/v4.00/bin/bin/../../lib/gcc/pic32c/8.3.1/../../../../pic32c/lib/thumb/v7e-m+fp/hard\libg-musl.a(__towrite.o)
 .debug_abbrev  0x00005b0c       0xbb c:/program files/microchip/xc32/v4.00/bin/bin/../../lib/gcc/pic32c/8.3.1/../../../../pic32c/lib/thumb/v7e-m+fp/hard\libg-musl.a(atoi.o)
 .debug_abbrev  0x00005bc7      0x11e c:/program files/microchip/xc32/v4.00/bin/bin/../../lib/gcc/pic32c/8.3.1/../../../../pic32c/lib/thumb/v7e-m+fp/hard\libg-musl.a(read.o)
 .debug_abbrev  0x00005ce5      0x13e c:/program files/microchip/xc32/v4.00/bin/bin/../../lib/gcc/pic32c/8.3.1/../../../../pic32c/lib/thumb/v7e-m+fp/hard\libg-musl.a(writev.o)
 .debug_abbrev  0x00005e23      0x126 c:/program files/microchip/xc32/v4.00/bin/bin/../../lib/gcc/pic32c/8.3.1/../../../../pic32c/lib/thumb/v7e-m+fp/hard\libg-musl.a(tolower.o)
 .debug_abbrev  0x00005f49       0xba c:/program files/microchip/xc32/v4.00/bin/bin/../../lib/gcc/pic32c/8.3.1/../../../../pic32c/lib/thumb/v7e-m+fp/hard\libg-musl.a(__errno_location.o)
 .debug_abbrev  0x00006003       0xdf c:/program files/microchip/xc32/v4.00/bin/bin/../../lib/gcc/pic32c/8.3.1/../../../../pic32c/lib/thumb/v7e-m+fp/hard\libg-musl.a(syscall_ret.o)
 .debug_abbrev  0x000060e2      0x1e3 c:/program files/microchip/xc32/v4.00/bin/bin/../../lib/gcc/pic32c/8.3.1/../../../../pic32c/lib/thumb/v7e-m+fp/hard\libg-musl.a(__fmt_a.o)
 .debug_abbrev  0x000062c5      0x16f c:/program files/microchip/xc32/v4.00/bin/bin/../../lib/gcc/pic32c/8.3.1/../../../../pic32c/lib/thumb/v7e-m+fp/hard\libg-musl.a(__fmt_d.o)
 .debug_abbrev  0x00006434      0x202 c:/program files/microchip/xc32/v4.00/bin/bin/../../lib/gcc/pic32c/8.3.1/../../../../pic32c/lib/thumb/v7e-m+fp/hard\libg-musl.a(__fmt_fp.o)
 .debug_abbrev  0x00006636      0x16f c:/program files/microchip/xc32/v4.00/bin/bin/../../lib/gcc/pic32c/8.3.1/../../../../pic32c/lib/thumb/v7e-m+fp/hard\libg-musl.a(__fmt_o.o)
 .debug_abbrev  0x000067a5      0x14f c:/program files/microchip/xc32/v4.00/bin/bin/../../lib/gcc/pic32c/8.3.1/../../../../pic32c/lib/thumb/v7e-m+fp/hard\libg-musl.a(__fmt_s.o)
 .debug_abbrev  0x000068f4      0x1b2 c:/program files/microchip/xc32/v4.00/bin/bin/../../lib/gcc/pic32c/8.3.1/../../../../pic32c/lib/thumb/v7e-m+fp/hard\libg-musl.a(__fmt_u.o)
 .debug_abbrev  0x00006aa6      0x15e c:/program files/microchip/xc32/v4.00/bin/bin/../../lib/gcc/pic32c/8.3.1/../../../../pic32c/lib/thumb/v7e-m+fp/hard\libg-musl.a(__fmt_x.o)
 .debug_abbrev  0x00006c04      0x188 c:/program files/microchip/xc32/v4.00/bin/bin/../../lib/gcc/pic32c/8.3.1/../../../../pic32c/lib/thumb/v7e-m+fp/hard\libg-musl.a(__fwrite.o)
 .debug_abbrev  0x00006d8c      0x11b c:/program files/microchip/xc32/v4.00/bin/bin/../../lib/gcc/pic32c/8.3.1/../../../../pic32c/lib/thumb/v7e-m+fp/hard\libg-musl.a(__pop_float.o)
 .debug_abbrev  0x00006ea7      0x11b c:/program files/microchip/xc32/v4.00/bin/bin/../../lib/gcc/pic32c/8.3.1/../../../../pic32c/lib/thumb/v7e-m+fp/hard\libg-musl.a(__pop_int.o)
 .debug_abbrev  0x00006fc2      0x12c c:/program files/microchip/xc32/v4.00/bin/bin/../../lib/gcc/pic32c/8.3.1/../../../../pic32c/lib/thumb/v7e-m+fp/hard\libg-musl.a(__pop_ptr.o)
 .debug_abbrev  0x000070ee      0x126 c:/program files/microchip/xc32/v4.00/bin/bin/../../lib/gcc/pic32c/8.3.1/../../../../pic32c/lib/thumb/v7e-m+fp/hard\libg-musl.a(toupper.o)
 .debug_abbrev  0x00007214       0x14 c:/program files/microchip/xc32/v4.00/bin/bin/../../lib/gcc/pic32c/8.3.1/thumb/v7e-m+fp/hard\libgcc.a(_aeabi_uldivmod.o)
 .debug_abbrev  0x00007228      0x192 c:/program files/microchip/xc32/v4.00/bin/bin/../../lib/gcc/pic32c/8.3.1/thumb/v7e-m+fp/hard\libgcc.a(_udivmoddi4.o)
 .debug_abbrev  0x000073ba       0x14 c:/program files/microchip/xc32/v4.00/bin/bin/../../lib/gcc/pic32c/8.3.1/thumb/v7e-m+fp/hard\libgcc.a(_dvmd_tls.o)
 .debug_abbrev  0x000073ce       0x2e c:/program files/microchip/xc32/v4.00/bin/bin/../../lib/gcc/pic32c/8.3.1/../../../../pic32c/lib/thumb/v7e-m+fp/hard\libpic32c.a(close.o)
 .debug_abbrev  0x000073fc       0x2e c:/program files/microchip/xc32/v4.00/bin/bin/../../lib/gcc/pic32c/8.3.1/../../../../pic32c/lib/thumb/v7e-m+fp/hard\libpic32c.a(lseek.o)
 .debug_abbrev  0x0000742a       0x2e c:/program files/microchip/xc32/v4.00/bin/bin/../../lib/gcc/pic32c/8.3.1/../../../../pic32c/lib/thumb/v7e-m+fp/hard\libpic32c.a(sbrk.o)
 .debug_abbrev  0x00007458       0x2e c:/program files/microchip/xc32/v4.00/bin/bin/../../lib/gcc/pic32c/8.3.1/../../../../pic32c/lib/thumb/v7e-m+fp/hard\libpic32c.a(write.o)

.debug_aranges  0x00000000     0x12e8
 .debug_aranges
                0x00000000       0x20 build/sam_e54_xpro/debug/_ext/544748269/bsp.o
 .debug_aranges
                0x00000020       0x58 build/sam_e54_xpro/debug/_ext/1062319119/drv_memory_nvmctrl.o
 .debug_aranges
                0x00000078       0xd8 build/sam_e54_xpro/debug/_ext/1062319119/drv_memory.o
 .debug_aranges
                0x00000150       0x20 build/sam_e54_xpro/debug/_ext/1062319119/drv_memory_file_system.o
 .debug_aranges
                0x00000170       0x20 build/sam_e54_xpro/debug/_ext/2056749927/plib_clock.o
 .debug_aranges
                0x00000190       0x20 build/sam_e54_xpro/debug/_ext/2058899413/plib_evsys.o
 .debug_aranges
                0x000001b0       0x20 build/sam_e54_xpro/debug/_ext/1950920501/plib_mpu.o
 .debug_aranges
                0x000001d0       0x38 build/sam_e54_xpro/debug/_ext/348958103/plib_nvic.o
 .debug_aranges
                0x00000208       0xc0 build/sam_e54_xpro/debug/_ext/1986180951/plib_nvmctrl.o
 .debug_aranges
                0x000002c8       0x70 build/sam_e54_xpro/debug/_ext/348904952/plib_port.o
 .debug_aranges
                0x00000338       0x28 build/sam_e54_xpro/debug/_ext/498645085/xc32_monitor.o
 .debug_aranges
                0x00000360      0x220 build/sam_e54_xpro/debug/_ext/1171329604/ff.o
 .debug_aranges
                0x00000580       0x30 build/sam_e54_xpro/debug/_ext/1171329604/ffunicode.o
 .debug_aranges
                0x000005b0       0x58 build/sam_e54_xpro/debug/_ext/656274803/diskio.o
 .debug_aranges
                0x00000608      0x170 build/sam_e54_xpro/debug/_ext/743848790/sys_fs.o
 .debug_aranges
                0x00000778       0x98 build/sam_e54_xpro/debug/_ext/743848790/sys_fs_media_manager.o
 .debug_aranges
                0x00000810      0x130 build/sam_e54_xpro/debug/_ext/743848790/sys_fs_fat_interface.o
 .debug_aranges
                0x00000940       0x20 build/sam_e54_xpro/debug/_ext/68098787/initialization.o
 .debug_aranges
                0x00000960       0x20 build/sam_e54_xpro/debug/_ext/68098787/interrupts.o
 .debug_aranges
                0x00000980       0x48 build/sam_e54_xpro/debug/_ext/68098787/exceptions.o
 .debug_aranges
                0x000009c8       0x28 build/sam_e54_xpro/debug/_ext/68098787/startup_xc32.o
 .debug_aranges
                0x000009f0       0x20 build/sam_e54_xpro/debug/_ext/68098787/tasks.o
 .debug_aranges
                0x00000a10       0x18 build/sam_e54_xpro/debug/_ext/1360937237/nvm_disk_images.o
 .debug_aranges
                0x00000a28       0x20 build/sam_e54_xpro/debug/_ext/1360937237/main.o
 .debug_aranges
                0x00000a48       0x28 build/sam_e54_xpro/debug/_ext/1360937237/app.o
 .debug_aranges
                0x00000a70       0x98 build/sam_e54_xpro/debug/_ext/2060180706/plib_sercom2_usart.o
 .debug_aranges
                0x00000b08       0x20 c:/program files/microchip/xc32/v4.00/bin/bin/../../lib/gcc/pic32c/8.3.1/../../../../pic32c/lib/thumb/v7e-m+fp/hard\libpic32c.a(data_init.o)
 .debug_aranges
                0x00000b28       0x28 c:/program files/microchip/xc32/v4.00/bin/bin/../../lib/gcc/pic32c/8.3.1/../../../../pic32c/lib/thumb/v7e-m+fp/hard\libg-musl.a(__libc_start_main.o)
 .debug_aranges
                0x00000b50       0x18 c:/program files/microchip/xc32/v4.00/bin/bin/../../lib/gcc/pic32c/8.3.1/../../../../pic32c/lib/thumb/v7e-m+fp/hard\libg-musl.a(libc.o)
 .debug_aranges
                0x00000b68       0x28 c:/program files/microchip/xc32/v4.00/bin/bin/../../lib/gcc/pic32c/8.3.1/../../../../pic32c/lib/thumb/v7e-m+fp/hard\libg-musl.a(stdin.o)
 .debug_aranges
                0x00000b90       0x30 c:/program files/microchip/xc32/v4.00/bin/bin/../../lib/gcc/pic32c/8.3.1/../../../../pic32c/lib/thumb/v7e-m+fp/hard\libg-musl.a(stdout.o)
 .debug_aranges
                0x00000bc0       0x20 c:/program files/microchip/xc32/v4.00/bin/bin/../../lib/gcc/pic32c/8.3.1/../../../../pic32c/lib/thumb/v7e-m+fp/hard\libg-musl.a(printf.o)
 .debug_aranges
                0x00000be0       0x20 c:/program files/microchip/xc32/v4.00/bin/bin/../../lib/gcc/pic32c/8.3.1/../../../../pic32c/lib/thumb/v7e-m+fp/hard\libg-musl.a(setbuf.o)
 .debug_aranges
                0x00000c00       0x20 c:/program files/microchip/xc32/v4.00/bin/bin/../../lib/gcc/pic32c/8.3.1/../../../../pic32c/lib/thumb/v7e-m+fp/hard\libg-musl.a(memcpy.o)
 .debug_aranges
                0x00000c20       0x20 c:/program files/microchip/xc32/v4.00/bin/bin/../../lib/gcc/pic32c/8.3.1/../../../../pic32c/lib/thumb/v7e-m+fp/hard\libg-musl.a(memset.o)
 .debug_aranges
                0x00000c40       0x20 c:/program files/microchip/xc32/v4.00/bin/bin/../../lib/gcc/pic32c/8.3.1/../../../../pic32c/lib/thumb/v7e-m+fp/hard\libg-musl.a(strlen.o)
 .debug_aranges
                0x00000c60       0x20 c:/program files/microchip/xc32/v4.00/bin/bin/../../lib/gcc/pic32c/8.3.1/../../../../pic32c/lib/thumb/v7e-m+fp/hard\libg-musl.a(strcmp.o)
 .debug_aranges
                0x00000c80       0x20 c:/program files/microchip/xc32/v4.00/bin/bin/../../lib/gcc/pic32c/8.3.1/../../../../pic32c/lib/thumb/v7e-m+fp/hard\libg-musl.a(strcpy.o)
 .debug_aranges
                0x00000ca0       0x20 c:/program files/microchip/xc32/v4.00/bin/bin/../../lib/gcc/pic32c/8.3.1/../../../../pic32c/lib/thumb/v7e-m+fp/hard\libg-musl.a(strncmp.o)
 .debug_aranges
                0x00000cc0       0x18 c:/program files/microchip/xc32/v4.00/bin/bin/../../lib/gcc/pic32c/8.3.1/../../../../pic32c/lib/thumb/v7e-m+fp/hard\libg-musl.a(__environ.o)
 .debug_aranges
                0x00000cd8       0x20 c:/program files/microchip/xc32/v4.00/bin/bin/../../lib/gcc/pic32c/8.3.1/../../../../pic32c/lib/thumb/v7e-m+fp/hard\libg-musl.a(__stdio_read.o)
 .debug_aranges
                0x00000cf8       0x20 c:/program files/microchip/xc32/v4.00/bin/bin/../../lib/gcc/pic32c/8.3.1/../../../../pic32c/lib/thumb/v7e-m+fp/hard\libg-musl.a(__towrite_rw.o)
 .debug_aranges
                0x00000d18       0x28 c:/program files/microchip/xc32/v4.00/bin/bin/../../lib/gcc/pic32c/8.3.1/../../../../pic32c/lib/thumb/v7e-m+fp/hard\libg-musl.a(setvbuf.o)
 .debug_aranges
                0x00000d40       0x28 c:/program files/microchip/xc32/v4.00/bin/bin/../../lib/gcc/pic32c/8.3.1/../../../../pic32c/lib/thumb/v7e-m+fp/hard\libg-musl.a(vfprintf.o)
 .debug_aranges
                0x00000d68       0x20 c:/program files/microchip/xc32/v4.00/bin/bin/../../lib/gcc/pic32c/8.3.1/../../../../pic32c/lib/thumb/v7e-m+fp/hard\libg-musl.a(stpcpy.o)
 .debug_aranges
                0x00000d88       0x20 c:/program files/microchip/xc32/v4.00/bin/bin/../../lib/gcc/pic32c/8.3.1/../../../../pic32c/lib/thumb/v7e-m+fp/hard\libg-musl.a(readv.o)
 .debug_aranges
                0x00000da8       0x70 c:/program files/microchip/xc32/v4.00/bin/bin/../../lib/gcc/pic32c/8.3.1/../../../../pic32c/lib/thumb/v7e-m+fp/hard\libg-musl.a(malloc.o)
 .debug_aranges
                0x00000e18       0x20 c:/program files/microchip/xc32/v4.00/bin/bin/../../lib/gcc/pic32c/8.3.1/../../../../pic32c/lib/thumb/v7e-m+fp/hard\libg-musl.a(expand_heap.o)
 .debug_aranges
                0x00000e38       0x28 c:/program files/microchip/xc32/v4.00/bin/bin/../../lib/gcc/pic32c/8.3.1/../../../../pic32c/lib/thumb/v7e-m+fp/hard\libg-musl.a(__init_stdio.o)
 .debug_aranges
                0x00000e60       0x28 c:/program files/microchip/xc32/v4.00/bin/bin/../../lib/gcc/pic32c/8.3.1/../../../../pic32c/lib/thumb/v7e-m+fp/hard\libg-musl.a(__out.o)
 .debug_aranges
                0x00000e88       0x50 c:/program files/microchip/xc32/v4.00/bin/bin/../../lib/gcc/pic32c/8.3.1/../../../../pic32c/lib/thumb/v7e-m+fp/hard\libg-musl.a(__printf_core.o)
 .debug_aranges
                0x00000ed8       0x30 c:/program files/microchip/xc32/v4.00/bin/bin/../../lib/gcc/pic32c/8.3.1/../../../../pic32c/lib/thumb/v7e-m+fp/hard\libg-musl.a(__stderr.o)
 .debug_aranges
                0x00000f08       0x28 c:/program files/microchip/xc32/v4.00/bin/bin/../../lib/gcc/pic32c/8.3.1/../../../../pic32c/lib/thumb/v7e-m+fp/hard\libg-musl.a(__stdio_close.o)
 .debug_aranges
                0x00000f30       0x28 c:/program files/microchip/xc32/v4.00/bin/bin/../../lib/gcc/pic32c/8.3.1/../../../../pic32c/lib/thumb/v7e-m+fp/hard\libg-musl.a(__stdio_write.o)
 .debug_aranges
                0x00000f58       0x30 c:/program files/microchip/xc32/v4.00/bin/bin/../../lib/gcc/pic32c/8.3.1/../../../../pic32c/lib/thumb/v7e-m+fp/hard\libg-musl.a(__stdout.o)
 .debug_aranges
                0x00000f88       0x28 c:/program files/microchip/xc32/v4.00/bin/bin/../../lib/gcc/pic32c/8.3.1/../../../../pic32c/lib/thumb/v7e-m+fp/hard\libg-musl.a(__towrite.o)
 .debug_aranges
                0x00000fb0       0x20 c:/program files/microchip/xc32/v4.00/bin/bin/../../lib/gcc/pic32c/8.3.1/../../../../pic32c/lib/thumb/v7e-m+fp/hard\libg-musl.a(atoi.o)
 .debug_aranges
                0x00000fd0       0x20 c:/program files/microchip/xc32/v4.00/bin/bin/../../lib/gcc/pic32c/8.3.1/../../../../pic32c/lib/thumb/v7e-m+fp/hard\libg-musl.a(read.o)
 .debug_aranges
                0x00000ff0       0x20 c:/program files/microchip/xc32/v4.00/bin/bin/../../lib/gcc/pic32c/8.3.1/../../../../pic32c/lib/thumb/v7e-m+fp/hard\libg-musl.a(writev.o)
 .debug_aranges
                0x00001010       0x28 c:/program files/microchip/xc32/v4.00/bin/bin/../../lib/gcc/pic32c/8.3.1/../../../../pic32c/lib/thumb/v7e-m+fp/hard\libg-musl.a(tolower.o)
 .debug_aranges
                0x00001038       0x18 c:/program files/microchip/xc32/v4.00/bin/bin/../../lib/gcc/pic32c/8.3.1/../../../../pic32c/lib/thumb/v7e-m+fp/hard\libg-musl.a(__errno_location.o)
 .debug_aranges
                0x00001050       0x20 c:/program files/microchip/xc32/v4.00/bin/bin/../../lib/gcc/pic32c/8.3.1/../../../../pic32c/lib/thumb/v7e-m+fp/hard\libg-musl.a(syscall_ret.o)
 .debug_aranges
                0x00001070       0x20 c:/program files/microchip/xc32/v4.00/bin/bin/../../lib/gcc/pic32c/8.3.1/../../../../pic32c/lib/thumb/v7e-m+fp/hard\libg-musl.a(__fmt_a.o)
 .debug_aranges
                0x00001090       0x20 c:/program files/microchip/xc32/v4.00/bin/bin/../../lib/gcc/pic32c/8.3.1/../../../../pic32c/lib/thumb/v7e-m+fp/hard\libg-musl.a(__fmt_d.o)
 .debug_aranges
                0x000010b0       0x20 c:/program files/microchip/xc32/v4.00/bin/bin/../../lib/gcc/pic32c/8.3.1/../../../../pic32c/lib/thumb/v7e-m+fp/hard\libg-musl.a(__fmt_fp.o)
 .debug_aranges
                0x000010d0       0x20 c:/program files/microchip/xc32/v4.00/bin/bin/../../lib/gcc/pic32c/8.3.1/../../../../pic32c/lib/thumb/v7e-m+fp/hard\libg-musl.a(__fmt_o.o)
 .debug_aranges
                0x000010f0       0x20 c:/program files/microchip/xc32/v4.00/bin/bin/../../lib/gcc/pic32c/8.3.1/../../../../pic32c/lib/thumb/v7e-m+fp/hard\libg-musl.a(__fmt_s.o)
 .debug_aranges
                0x00001110       0x28 c:/program files/microchip/xc32/v4.00/bin/bin/../../lib/gcc/pic32c/8.3.1/../../../../pic32c/lib/thumb/v7e-m+fp/hard\libg-musl.a(__fmt_u.o)
 .debug_aranges
                0x00001138       0x20 c:/program files/microchip/xc32/v4.00/bin/bin/../../lib/gcc/pic32c/8.3.1/../../../../pic32c/lib/thumb/v7e-m+fp/hard\libg-musl.a(__fmt_x.o)
 .debug_aranges
                0x00001158       0x28 c:/program files/microchip/xc32/v4.00/bin/bin/../../lib/gcc/pic32c/8.3.1/../../../../pic32c/lib/thumb/v7e-m+fp/hard\libg-musl.a(__fwrite.o)
 .debug_aranges
                0x00001180       0x20 c:/program files/microchip/xc32/v4.00/bin/bin/../../lib/gcc/pic32c/8.3.1/../../../../pic32c/lib/thumb/v7e-m+fp/hard\libg-musl.a(__pop_float.o)
 .debug_aranges
                0x000011a0       0x20 c:/program files/microchip/xc32/v4.00/bin/bin/../../lib/gcc/pic32c/8.3.1/../../../../pic32c/lib/thumb/v7e-m+fp/hard\libg-musl.a(__pop_int.o)
 .debug_aranges
                0x000011c0       0x20 c:/program files/microchip/xc32/v4.00/bin/bin/../../lib/gcc/pic32c/8.3.1/../../../../pic32c/lib/thumb/v7e-m+fp/hard\libg-musl.a(__pop_ptr.o)
 .debug_aranges
                0x000011e0       0x28 c:/program files/microchip/xc32/v4.00/bin/bin/../../lib/gcc/pic32c/8.3.1/../../../../pic32c/lib/thumb/v7e-m+fp/hard\libg-musl.a(toupper.o)
 .debug_aranges
                0x00001208       0x20 c:/program files/microchip/xc32/v4.00/bin/bin/../../lib/gcc/pic32c/8.3.1/thumb/v7e-m+fp/hard\libgcc.a(_aeabi_uldivmod.o)
 .debug_aranges
                0x00001228       0x20 c:/program files/microchip/xc32/v4.00/bin/bin/../../lib/gcc/pic32c/8.3.1/thumb/v7e-m+fp/hard\libgcc.a(_udivmoddi4.o)
 .debug_aranges
                0x00001248       0x20 c:/program files/microchip/xc32/v4.00/bin/bin/../../lib/gcc/pic32c/8.3.1/thumb/v7e-m+fp/hard\libgcc.a(_dvmd_tls.o)
 .debug_aranges
                0x00001268       0x20 c:/program files/microchip/xc32/v4.00/bin/bin/../../lib/gcc/pic32c/8.3.1/../../../../pic32c/lib/thumb/v7e-m+fp/hard\libpic32c.a(close.o)
 .debug_aranges
                0x00001288       0x20 c:/program files/microchip/xc32/v4.00/bin/bin/../../lib/gcc/pic32c/8.3.1/../../../../pic32c/lib/thumb/v7e-m+fp/hard\libpic32c.a(lseek.o)
 .debug_aranges
                0x000012a8       0x20 c:/program files/microchip/xc32/v4.00/bin/bin/../../lib/gcc/pic32c/8.3.1/../../../../pic32c/lib/thumb/v7e-m+fp/hard\libpic32c.a(sbrk.o)
 .debug_aranges
                0x000012c8       0x20 c:/program files/microchip/xc32/v4.00/bin/bin/../../lib/gcc/pic32c/8.3.1/../../../../pic32c/lib/thumb/v7e-m+fp/hard\libpic32c.a(write.o)

.debug_ranges   0x00000000     0x17e0
 .debug_ranges  0x00000000       0x10 build/sam_e54_xpro/debug/_ext/544748269/bsp.o
 .debug_ranges  0x00000010       0x48 build/sam_e54_xpro/debug/_ext/1062319119/drv_memory_nvmctrl.o
 .debug_ranges  0x00000058      0x170 build/sam_e54_xpro/debug/_ext/1062319119/drv_memory.o
 .debug_ranges  0x000001c8       0x10 build/sam_e54_xpro/debug/_ext/1062319119/drv_memory_file_system.o
 .debug_ranges  0x000001d8       0x10 build/sam_e54_xpro/debug/_ext/2056749927/plib_clock.o
 .debug_ranges  0x000001e8       0x10 build/sam_e54_xpro/debug/_ext/2058899413/plib_evsys.o
 .debug_ranges  0x000001f8       0x10 build/sam_e54_xpro/debug/_ext/1950920501/plib_mpu.o
 .debug_ranges  0x00000208       0x28 build/sam_e54_xpro/debug/_ext/348958103/plib_nvic.o
 .debug_ranges  0x00000230       0xb0 build/sam_e54_xpro/debug/_ext/1986180951/plib_nvmctrl.o
 .debug_ranges  0x000002e0       0x60 build/sam_e54_xpro/debug/_ext/348904952/plib_port.o
 .debug_ranges  0x00000340       0x18 build/sam_e54_xpro/debug/_ext/498645085/xc32_monitor.o
 .debug_ranges  0x00000358      0x420 build/sam_e54_xpro/debug/_ext/1171329604/ff.o
 .debug_ranges  0x00000778       0x20 build/sam_e54_xpro/debug/_ext/1171329604/ffunicode.o
 .debug_ranges  0x00000798       0x60 build/sam_e54_xpro/debug/_ext/656274803/diskio.o
 .debug_ranges  0x000007f8      0x5c8 build/sam_e54_xpro/debug/_ext/743848790/sys_fs.o
 .debug_ranges  0x00000dc0      0x110 build/sam_e54_xpro/debug/_ext/743848790/sys_fs_media_manager.o
 .debug_ranges  0x00000ed0      0x120 build/sam_e54_xpro/debug/_ext/743848790/sys_fs_fat_interface.o
 .debug_ranges  0x00000ff0       0x10 build/sam_e54_xpro/debug/_ext/68098787/initialization.o
 .debug_ranges  0x00001000       0x10 build/sam_e54_xpro/debug/_ext/68098787/interrupts.o
 .debug_ranges  0x00001010       0x38 build/sam_e54_xpro/debug/_ext/68098787/exceptions.o
 .debug_ranges  0x00001048       0x18 build/sam_e54_xpro/debug/_ext/68098787/startup_xc32.o
 .debug_ranges  0x00001060       0x10 build/sam_e54_xpro/debug/_ext/68098787/tasks.o
 .debug_ranges  0x00001070       0x10 build/sam_e54_xpro/debug/_ext/1360937237/main.o
 .debug_ranges  0x00001080       0x18 build/sam_e54_xpro/debug/_ext/1360937237/app.o
 .debug_ranges  0x00001098       0x88 build/sam_e54_xpro/debug/_ext/2060180706/plib_sercom2_usart.o
 .debug_ranges  0x00001120       0x10 c:/program files/microchip/xc32/v4.00/bin/bin/../../lib/gcc/pic32c/8.3.1/../../../../pic32c/lib/thumb/v7e-m+fp/hard\libpic32c.a(data_init.o)
 .debug_ranges  0x00001130       0x40 c:/program files/microchip/xc32/v4.00/bin/bin/../../lib/gcc/pic32c/8.3.1/../../../../pic32c/lib/thumb/v7e-m+fp/hard\libg-musl.a(__libc_start_main.o)
 .debug_ranges  0x00001170       0x18 c:/program files/microchip/xc32/v4.00/bin/bin/../../lib/gcc/pic32c/8.3.1/../../../../pic32c/lib/thumb/v7e-m+fp/hard\libg-musl.a(stdin.o)
 .debug_ranges  0x00001188       0x20 c:/program files/microchip/xc32/v4.00/bin/bin/../../lib/gcc/pic32c/8.3.1/../../../../pic32c/lib/thumb/v7e-m+fp/hard\libg-musl.a(stdout.o)
 .debug_ranges  0x000011a8       0x10 c:/program files/microchip/xc32/v4.00/bin/bin/../../lib/gcc/pic32c/8.3.1/../../../../pic32c/lib/thumb/v7e-m+fp/hard\libg-musl.a(printf.o)
 .debug_ranges  0x000011b8       0x10 c:/program files/microchip/xc32/v4.00/bin/bin/../../lib/gcc/pic32c/8.3.1/../../../../pic32c/lib/thumb/v7e-m+fp/hard\libg-musl.a(setbuf.o)
 .debug_ranges  0x000011c8       0x10 c:/program files/microchip/xc32/v4.00/bin/bin/../../lib/gcc/pic32c/8.3.1/../../../../pic32c/lib/thumb/v7e-m+fp/hard\libg-musl.a(memcpy.o)
 .debug_ranges  0x000011d8       0x10 c:/program files/microchip/xc32/v4.00/bin/bin/../../lib/gcc/pic32c/8.3.1/../../../../pic32c/lib/thumb/v7e-m+fp/hard\libg-musl.a(memset.o)
 .debug_ranges  0x000011e8       0x10 c:/program files/microchip/xc32/v4.00/bin/bin/../../lib/gcc/pic32c/8.3.1/../../../../pic32c/lib/thumb/v7e-m+fp/hard\libg-musl.a(strlen.o)
 .debug_ranges  0x000011f8       0x10 c:/program files/microchip/xc32/v4.00/bin/bin/../../lib/gcc/pic32c/8.3.1/../../../../pic32c/lib/thumb/v7e-m+fp/hard\libg-musl.a(strcmp.o)
 .debug_ranges  0x00001208       0x10 c:/program files/microchip/xc32/v4.00/bin/bin/../../lib/gcc/pic32c/8.3.1/../../../../pic32c/lib/thumb/v7e-m+fp/hard\libg-musl.a(strcpy.o)
 .debug_ranges  0x00001218       0x10 c:/program files/microchip/xc32/v4.00/bin/bin/../../lib/gcc/pic32c/8.3.1/../../../../pic32c/lib/thumb/v7e-m+fp/hard\libg-musl.a(strncmp.o)
 .debug_ranges  0x00001228       0x10 c:/program files/microchip/xc32/v4.00/bin/bin/../../lib/gcc/pic32c/8.3.1/../../../../pic32c/lib/thumb/v7e-m+fp/hard\libg-musl.a(__stdio_read.o)
 .debug_ranges  0x00001238       0x10 c:/program files/microchip/xc32/v4.00/bin/bin/../../lib/gcc/pic32c/8.3.1/../../../../pic32c/lib/thumb/v7e-m+fp/hard\libg-musl.a(__towrite_rw.o)
 .debug_ranges  0x00001248       0x18 c:/program files/microchip/xc32/v4.00/bin/bin/../../lib/gcc/pic32c/8.3.1/../../../../pic32c/lib/thumb/v7e-m+fp/hard\libg-musl.a(setvbuf.o)
 .debug_ranges  0x00001260       0x18 c:/program files/microchip/xc32/v4.00/bin/bin/../../lib/gcc/pic32c/8.3.1/../../../../pic32c/lib/thumb/v7e-m+fp/hard\libg-musl.a(vfprintf.o)
 .debug_ranges  0x00001278       0x10 c:/program files/microchip/xc32/v4.00/bin/bin/../../lib/gcc/pic32c/8.3.1/../../../../pic32c/lib/thumb/v7e-m+fp/hard\libg-musl.a(stpcpy.o)
 .debug_ranges  0x00001288       0x10 c:/program files/microchip/xc32/v4.00/bin/bin/../../lib/gcc/pic32c/8.3.1/../../../../pic32c/lib/thumb/v7e-m+fp/hard\libg-musl.a(readv.o)
 .debug_ranges  0x00001298      0x1a0 c:/program files/microchip/xc32/v4.00/bin/bin/../../lib/gcc/pic32c/8.3.1/../../../../pic32c/lib/thumb/v7e-m+fp/hard\libg-musl.a(malloc.o)
 .debug_ranges  0x00001438       0x10 c:/program files/microchip/xc32/v4.00/bin/bin/../../lib/gcc/pic32c/8.3.1/../../../../pic32c/lib/thumb/v7e-m+fp/hard\libg-musl.a(expand_heap.o)
 .debug_ranges  0x00001448       0x18 c:/program files/microchip/xc32/v4.00/bin/bin/../../lib/gcc/pic32c/8.3.1/../../../../pic32c/lib/thumb/v7e-m+fp/hard\libg-musl.a(__init_stdio.o)
 .debug_ranges  0x00001460       0x18 c:/program files/microchip/xc32/v4.00/bin/bin/../../lib/gcc/pic32c/8.3.1/../../../../pic32c/lib/thumb/v7e-m+fp/hard\libg-musl.a(__out.o)
 .debug_ranges  0x00001478       0x68 c:/program files/microchip/xc32/v4.00/bin/bin/../../lib/gcc/pic32c/8.3.1/../../../../pic32c/lib/thumb/v7e-m+fp/hard\libg-musl.a(__printf_core.o)
 .debug_ranges  0x000014e0       0x20 c:/program files/microchip/xc32/v4.00/bin/bin/../../lib/gcc/pic32c/8.3.1/../../../../pic32c/lib/thumb/v7e-m+fp/hard\libg-musl.a(__stderr.o)
 .debug_ranges  0x00001500       0x18 c:/program files/microchip/xc32/v4.00/bin/bin/../../lib/gcc/pic32c/8.3.1/../../../../pic32c/lib/thumb/v7e-m+fp/hard\libg-musl.a(__stdio_close.o)
 .debug_ranges  0x00001518       0x30 c:/program files/microchip/xc32/v4.00/bin/bin/../../lib/gcc/pic32c/8.3.1/../../../../pic32c/lib/thumb/v7e-m+fp/hard\libg-musl.a(__stdio_write.o)
 .debug_ranges  0x00001548       0x20 c:/program files/microchip/xc32/v4.00/bin/bin/../../lib/gcc/pic32c/8.3.1/../../../../pic32c/lib/thumb/v7e-m+fp/hard\libg-musl.a(__stdout.o)
 .debug_ranges  0x00001568       0x18 c:/program files/microchip/xc32/v4.00/bin/bin/../../lib/gcc/pic32c/8.3.1/../../../../pic32c/lib/thumb/v7e-m+fp/hard\libg-musl.a(__towrite.o)
 .debug_ranges  0x00001580       0x10 c:/program files/microchip/xc32/v4.00/bin/bin/../../lib/gcc/pic32c/8.3.1/../../../../pic32c/lib/thumb/v7e-m+fp/hard\libg-musl.a(atoi.o)
 .debug_ranges  0x00001590       0x10 c:/program files/microchip/xc32/v4.00/bin/bin/../../lib/gcc/pic32c/8.3.1/../../../../pic32c/lib/thumb/v7e-m+fp/hard\libg-musl.a(read.o)
 .debug_ranges  0x000015a0       0x10 c:/program files/microchip/xc32/v4.00/bin/bin/../../lib/gcc/pic32c/8.3.1/../../../../pic32c/lib/thumb/v7e-m+fp/hard\libg-musl.a(writev.o)
 .debug_ranges  0x000015b0       0x18 c:/program files/microchip/xc32/v4.00/bin/bin/../../lib/gcc/pic32c/8.3.1/../../../../pic32c/lib/thumb/v7e-m+fp/hard\libg-musl.a(tolower.o)
 .debug_ranges  0x000015c8       0x10 c:/program files/microchip/xc32/v4.00/bin/bin/../../lib/gcc/pic32c/8.3.1/../../../../pic32c/lib/thumb/v7e-m+fp/hard\libg-musl.a(syscall_ret.o)
 .debug_ranges  0x000015d8       0x10 c:/program files/microchip/xc32/v4.00/bin/bin/../../lib/gcc/pic32c/8.3.1/../../../../pic32c/lib/thumb/v7e-m+fp/hard\libg-musl.a(__fmt_a.o)
 .debug_ranges  0x000015e8       0x10 c:/program files/microchip/xc32/v4.00/bin/bin/../../lib/gcc/pic32c/8.3.1/../../../../pic32c/lib/thumb/v7e-m+fp/hard\libg-musl.a(__fmt_d.o)
 .debug_ranges  0x000015f8       0x10 c:/program files/microchip/xc32/v4.00/bin/bin/../../lib/gcc/pic32c/8.3.1/../../../../pic32c/lib/thumb/v7e-m+fp/hard\libg-musl.a(__fmt_fp.o)
 .debug_ranges  0x00001608       0x10 c:/program files/microchip/xc32/v4.00/bin/bin/../../lib/gcc/pic32c/8.3.1/../../../../pic32c/lib/thumb/v7e-m+fp/hard\libg-musl.a(__fmt_o.o)
 .debug_ranges  0x00001618       0x10 c:/program files/microchip/xc32/v4.00/bin/bin/../../lib/gcc/pic32c/8.3.1/../../../../pic32c/lib/thumb/v7e-m+fp/hard\libg-musl.a(__fmt_s.o)
 .debug_ranges  0x00001628       0x18 c:/program files/microchip/xc32/v4.00/bin/bin/../../lib/gcc/pic32c/8.3.1/../../../../pic32c/lib/thumb/v7e-m+fp/hard\libg-musl.a(__fmt_u.o)
 .debug_ranges  0x00001640       0x10 c:/program files/microchip/xc32/v4.00/bin/bin/../../lib/gcc/pic32c/8.3.1/../../../../pic32c/lib/thumb/v7e-m+fp/hard\libg-musl.a(__fmt_x.o)
 .debug_ranges  0x00001650       0x30 c:/program files/microchip/xc32/v4.00/bin/bin/../../lib/gcc/pic32c/8.3.1/../../../../pic32c/lib/thumb/v7e-m+fp/hard\libg-musl.a(__fwrite.o)
 .debug_ranges  0x00001680       0x10 c:/program files/microchip/xc32/v4.00/bin/bin/../../lib/gcc/pic32c/8.3.1/../../../../pic32c/lib/thumb/v7e-m+fp/hard\libg-musl.a(__pop_float.o)
 .debug_ranges  0x00001690       0x10 c:/program files/microchip/xc32/v4.00/bin/bin/../../lib/gcc/pic32c/8.3.1/../../../../pic32c/lib/thumb/v7e-m+fp/hard\libg-musl.a(__pop_int.o)
 .debug_ranges  0x000016a0       0x10 c:/program files/microchip/xc32/v4.00/bin/bin/../../lib/gcc/pic32c/8.3.1/../../../../pic32c/lib/thumb/v7e-m+fp/hard\libg-musl.a(__pop_ptr.o)
 .debug_ranges  0x000016b0       0x18 c:/program files/microchip/xc32/v4.00/bin/bin/../../lib/gcc/pic32c/8.3.1/../../../../pic32c/lib/thumb/v7e-m+fp/hard\libg-musl.a(toupper.o)
 .debug_ranges  0x000016c8       0xd8 c:/program files/microchip/xc32/v4.00/bin/bin/../../lib/gcc/pic32c/8.3.1/thumb/v7e-m+fp/hard\libgcc.a(_udivmoddi4.o)
 .debug_ranges  0x000017a0       0x10 c:/program files/microchip/xc32/v4.00/bin/bin/../../lib/gcc/pic32c/8.3.1/../../../../pic32c/lib/thumb/v7e-m+fp/hard\libpic32c.a(close.o)
 .debug_ranges  0x000017b0       0x10 c:/program files/microchip/xc32/v4.00/bin/bin/../../lib/gcc/pic32c/8.3.1/../../../../pic32c/lib/thumb/v7e-m+fp/hard\libpic32c.a(lseek.o)
 .debug_ranges  0x000017c0       0x10 c:/program files/microchip/xc32/v4.00/bin/bin/../../lib/gcc/pic32c/8.3.1/../../../../pic32c/lib/thumb/v7e-m+fp/hard\libpic32c.a(sbrk.o)
 .debug_ranges  0x000017d0       0x10 c:/program files/microchip/xc32/v4.00/bin/bin/../../lib/gcc/pic32c/8.3.1/../../../../pic32c/lib/thumb/v7e-m+fp/hard\libpic32c.a(write.o)

.debug_line     0x00000000    0x16437
 .debug_line    0x00000000      0x156 build/sam_e54_xpro/debug/_ext/544748269/bsp.o
 .debug_line    0x00000156      0x3ed build/sam_e54_xpro/debug/_ext/1062319119/drv_memory_nvmctrl.o
 .debug_line    0x00000543     0x1201 build/sam_e54_xpro/debug/_ext/1062319119/drv_memory.o
 .debug_line    0x00001744      0x204 build/sam_e54_xpro/debug/_ext/1062319119/drv_memory_file_system.o
 .debug_line    0x00001948      0x28f build/sam_e54_xpro/debug/_ext/2056749927/plib_clock.o
 .debug_line    0x00001bd7       0xec build/sam_e54_xpro/debug/_ext/2058899413/plib_evsys.o
 .debug_line    0x00001cc3      0x14a build/sam_e54_xpro/debug/_ext/1950920501/plib_mpu.o
 .debug_line    0x00001e0d      0x256 build/sam_e54_xpro/debug/_ext/348958103/plib_nvic.o
 .debug_line    0x00002063      0x4e1 build/sam_e54_xpro/debug/_ext/1986180951/plib_nvmctrl.o
 .debug_line    0x00002544      0x2e2 build/sam_e54_xpro/debug/_ext/348904952/plib_port.o
 .debug_line    0x00002826      0x29e build/sam_e54_xpro/debug/_ext/498645085/xc32_monitor.o
 .debug_line    0x00002ac4     0x4d7c build/sam_e54_xpro/debug/_ext/1171329604/ff.o
 .debug_line    0x00007840      0x2f5 build/sam_e54_xpro/debug/_ext/1171329604/ffunicode.o
 .debug_line    0x00007b35      0x412 build/sam_e54_xpro/debug/_ext/656274803/diskio.o
 .debug_line    0x00007f47     0x31d8 build/sam_e54_xpro/debug/_ext/743848790/sys_fs.o
 .debug_line    0x0000b11f      0xe1e build/sam_e54_xpro/debug/_ext/743848790/sys_fs_media_manager.o
 .debug_line    0x0000bf3d      0x9f1 build/sam_e54_xpro/debug/_ext/743848790/sys_fs_fat_interface.o
 .debug_line    0x0000c92e      0x4f5 build/sam_e54_xpro/debug/_ext/68098787/initialization.o
 .debug_line    0x0000ce23      0x208 build/sam_e54_xpro/debug/_ext/68098787/interrupts.o
 .debug_line    0x0000d02b      0x254 build/sam_e54_xpro/debug/_ext/68098787/exceptions.o
 .debug_line    0x0000d27f      0x2ac build/sam_e54_xpro/debug/_ext/68098787/startup_xc32.o
 .debug_line    0x0000d52b      0x25d build/sam_e54_xpro/debug/_ext/68098787/tasks.o
 .debug_line    0x0000d788      0x1e9 build/sam_e54_xpro/debug/_ext/1360937237/nvm_disk_images.o
 .debug_line    0x0000d971      0x1e4 build/sam_e54_xpro/debug/_ext/1360937237/main.o
 .debug_line    0x0000db55      0x20d build/sam_e54_xpro/debug/_ext/1360937237/app.o
 .debug_line    0x0000dd62      0x62d build/sam_e54_xpro/debug/_ext/2060180706/plib_sercom2_usart.o
 .debug_line    0x0000e38f      0x110 c:/program files/microchip/xc32/v4.00/bin/bin/../../lib/gcc/pic32c/8.3.1/../../../../pic32c/lib/thumb/v7e-m+fp/hard\libpic32c.a(data_init.o)
 .debug_line    0x0000e49f      0x24c c:/program files/microchip/xc32/v4.00/bin/bin/../../lib/gcc/pic32c/8.3.1/../../../../pic32c/lib/thumb/v7e-m+fp/hard\libg-musl.a(__libc_start_main.o)
 .debug_line    0x0000e6eb      0x132 c:/program files/microchip/xc32/v4.00/bin/bin/../../lib/gcc/pic32c/8.3.1/../../../../pic32c/lib/thumb/v7e-m+fp/hard\libg-musl.a(libc.o)
 .debug_line    0x0000e81d      0x1dd c:/program files/microchip/xc32/v4.00/bin/bin/../../lib/gcc/pic32c/8.3.1/../../../../pic32c/lib/thumb/v7e-m+fp/hard\libg-musl.a(stdin.o)
 .debug_line    0x0000e9fa      0x208 c:/program files/microchip/xc32/v4.00/bin/bin/../../lib/gcc/pic32c/8.3.1/../../../../pic32c/lib/thumb/v7e-m+fp/hard\libg-musl.a(stdout.o)
 .debug_line    0x0000ec02      0x16e c:/program files/microchip/xc32/v4.00/bin/bin/../../lib/gcc/pic32c/8.3.1/../../../../pic32c/lib/thumb/v7e-m+fp/hard\libg-musl.a(printf.o)
 .debug_line    0x0000ed70      0x13b c:/program files/microchip/xc32/v4.00/bin/bin/../../lib/gcc/pic32c/8.3.1/../../../../pic32c/lib/thumb/v7e-m+fp/hard\libg-musl.a(setbuf.o)
 .debug_line    0x0000eeab       0xf2 c:/program files/microchip/xc32/v4.00/bin/bin/../../lib/gcc/pic32c/8.3.1/../../../../pic32c/lib/thumb/v7e-m+fp/hard\libg-musl.a(memcpy.o)
 .debug_line    0x0000ef9d       0xea c:/program files/microchip/xc32/v4.00/bin/bin/../../lib/gcc/pic32c/8.3.1/../../../../pic32c/lib/thumb/v7e-m+fp/hard\libg-musl.a(memset.o)
 .debug_line    0x0000f087       0xe6 c:/program files/microchip/xc32/v4.00/bin/bin/../../lib/gcc/pic32c/8.3.1/../../../../pic32c/lib/thumb/v7e-m+fp/hard\libg-musl.a(strlen.o)
 .debug_line    0x0000f16d       0xbd c:/program files/microchip/xc32/v4.00/bin/bin/../../lib/gcc/pic32c/8.3.1/../../../../pic32c/lib/thumb/v7e-m+fp/hard\libg-musl.a(strcmp.o)
 .debug_line    0x0000f22a       0xb5 c:/program files/microchip/xc32/v4.00/bin/bin/../../lib/gcc/pic32c/8.3.1/../../../../pic32c/lib/thumb/v7e-m+fp/hard\libg-musl.a(strcpy.o)
 .debug_line    0x0000f2df       0xee c:/program files/microchip/xc32/v4.00/bin/bin/../../lib/gcc/pic32c/8.3.1/../../../../pic32c/lib/thumb/v7e-m+fp/hard\libg-musl.a(strncmp.o)
 .debug_line    0x0000f3cd      0x19f c:/program files/microchip/xc32/v4.00/bin/bin/../../lib/gcc/pic32c/8.3.1/../../../../pic32c/lib/thumb/v7e-m+fp/hard\libg-musl.a(__environ.o)
 .debug_line    0x0000f56c      0x2cc c:/program files/microchip/xc32/v4.00/bin/bin/../../lib/gcc/pic32c/8.3.1/../../../../pic32c/lib/thumb/v7e-m+fp/hard\libg-musl.a(__stdio_read.o)
 .debug_line    0x0000f838      0x202 c:/program files/microchip/xc32/v4.00/bin/bin/../../lib/gcc/pic32c/8.3.1/../../../../pic32c/lib/thumb/v7e-m+fp/hard\libg-musl.a(__towrite_rw.o)
 .debug_line    0x0000fa3a      0x2af c:/program files/microchip/xc32/v4.00/bin/bin/../../lib/gcc/pic32c/8.3.1/../../../../pic32c/lib/thumb/v7e-m+fp/hard\libg-musl.a(setvbuf.o)
 .debug_line    0x0000fce9      0x209 c:/program files/microchip/xc32/v4.00/bin/bin/../../lib/gcc/pic32c/8.3.1/../../../../pic32c/lib/thumb/v7e-m+fp/hard\libg-musl.a(vfprintf.o)
 .debug_line    0x0000fef2      0x1d4 c:/program files/microchip/xc32/v4.00/bin/bin/../../lib/gcc/pic32c/8.3.1/../../../../pic32c/lib/thumb/v7e-m+fp/hard\libg-musl.a(stpcpy.o)
 .debug_line    0x000100c6      0x250 c:/program files/microchip/xc32/v4.00/bin/bin/../../lib/gcc/pic32c/8.3.1/../../../../pic32c/lib/thumb/v7e-m+fp/hard\libg-musl.a(readv.o)
 .debug_line    0x00010316      0xad3 c:/program files/microchip/xc32/v4.00/bin/bin/../../lib/gcc/pic32c/8.3.1/../../../../pic32c/lib/thumb/v7e-m+fp/hard\libg-musl.a(malloc.o)
 .debug_line    0x00010de9      0x1ee c:/program files/microchip/xc32/v4.00/bin/bin/../../lib/gcc/pic32c/8.3.1/../../../../pic32c/lib/thumb/v7e-m+fp/hard\libg-musl.a(expand_heap.o)
 .debug_line    0x00010fd7      0x1eb c:/program files/microchip/xc32/v4.00/bin/bin/../../lib/gcc/pic32c/8.3.1/../../../../pic32c/lib/thumb/v7e-m+fp/hard\libg-musl.a(__init_stdio.o)
 .debug_line    0x000111c2      0x2b9 c:/program files/microchip/xc32/v4.00/bin/bin/../../lib/gcc/pic32c/8.3.1/../../../../pic32c/lib/thumb/v7e-m+fp/hard\libg-musl.a(__out.o)
 .debug_line    0x0001147b      0x71f c:/program files/microchip/xc32/v4.00/bin/bin/../../lib/gcc/pic32c/8.3.1/../../../../pic32c/lib/thumb/v7e-m+fp/hard\libg-musl.a(__printf_core.o)
 .debug_line    0x00011b9a      0x1f3 c:/program files/microchip/xc32/v4.00/bin/bin/../../lib/gcc/pic32c/8.3.1/../../../../pic32c/lib/thumb/v7e-m+fp/hard\libg-musl.a(__stderr.o)
 .debug_line    0x00011d8d      0x30f c:/program files/microchip/xc32/v4.00/bin/bin/../../lib/gcc/pic32c/8.3.1/../../../../pic32c/lib/thumb/v7e-m+fp/hard\libg-musl.a(__stdio_close.o)
 .debug_line    0x0001209c      0x3c4 c:/program files/microchip/xc32/v4.00/bin/bin/../../lib/gcc/pic32c/8.3.1/../../../../pic32c/lib/thumb/v7e-m+fp/hard\libg-musl.a(__stdio_write.o)
 .debug_line    0x00012460      0x1f3 c:/program files/microchip/xc32/v4.00/bin/bin/../../lib/gcc/pic32c/8.3.1/../../../../pic32c/lib/thumb/v7e-m+fp/hard\libg-musl.a(__stdout.o)
 .debug_line    0x00012653      0x20f c:/program files/microchip/xc32/v4.00/bin/bin/../../lib/gcc/pic32c/8.3.1/../../../../pic32c/lib/thumb/v7e-m+fp/hard\libg-musl.a(__towrite.o)
 .debug_line    0x00012862      0x177 c:/program files/microchip/xc32/v4.00/bin/bin/../../lib/gcc/pic32c/8.3.1/../../../../pic32c/lib/thumb/v7e-m+fp/hard\libg-musl.a(atoi.o)
 .debug_line    0x000129d9      0x248 c:/program files/microchip/xc32/v4.00/bin/bin/../../lib/gcc/pic32c/8.3.1/../../../../pic32c/lib/thumb/v7e-m+fp/hard\libg-musl.a(read.o)
 .debug_line    0x00012c21      0x251 c:/program files/microchip/xc32/v4.00/bin/bin/../../lib/gcc/pic32c/8.3.1/../../../../pic32c/lib/thumb/v7e-m+fp/hard\libg-musl.a(writev.o)
 .debug_line    0x00012e72      0x1dc c:/program files/microchip/xc32/v4.00/bin/bin/../../lib/gcc/pic32c/8.3.1/../../../../pic32c/lib/thumb/v7e-m+fp/hard\libg-musl.a(tolower.o)
 .debug_line    0x0001304e      0x1ad c:/program files/microchip/xc32/v4.00/bin/bin/../../lib/gcc/pic32c/8.3.1/../../../../pic32c/lib/thumb/v7e-m+fp/hard\libg-musl.a(__errno_location.o)
 .debug_line    0x000131fb      0x1e7 c:/program files/microchip/xc32/v4.00/bin/bin/../../lib/gcc/pic32c/8.3.1/../../../../pic32c/lib/thumb/v7e-m+fp/hard\libg-musl.a(syscall_ret.o)
 .debug_line    0x000133e2      0x6ad c:/program files/microchip/xc32/v4.00/bin/bin/../../lib/gcc/pic32c/8.3.1/../../../../pic32c/lib/thumb/v7e-m+fp/hard\libg-musl.a(__fmt_a.o)
 .debug_line    0x00013a8f      0x2af c:/program files/microchip/xc32/v4.00/bin/bin/../../lib/gcc/pic32c/8.3.1/../../../../pic32c/lib/thumb/v7e-m+fp/hard\libg-musl.a(__fmt_d.o)
 .debug_line    0x00013d3e      0x6d0 c:/program files/microchip/xc32/v4.00/bin/bin/../../lib/gcc/pic32c/8.3.1/../../../../pic32c/lib/thumb/v7e-m+fp/hard\libg-musl.a(__fmt_fp.o)
 .debug_line    0x0001440e      0x259 c:/program files/microchip/xc32/v4.00/bin/bin/../../lib/gcc/pic32c/8.3.1/../../../../pic32c/lib/thumb/v7e-m+fp/hard\libg-musl.a(__fmt_o.o)
 .debug_line    0x00014667      0x29a c:/program files/microchip/xc32/v4.00/bin/bin/../../lib/gcc/pic32c/8.3.1/../../../../pic32c/lib/thumb/v7e-m+fp/hard\libg-musl.a(__fmt_s.o)
 .debug_line    0x00014901      0x2e3 c:/program files/microchip/xc32/v4.00/bin/bin/../../lib/gcc/pic32c/8.3.1/../../../../pic32c/lib/thumb/v7e-m+fp/hard\libg-musl.a(__fmt_u.o)
 .debug_line    0x00014be4      0x38e c:/program files/microchip/xc32/v4.00/bin/bin/../../lib/gcc/pic32c/8.3.1/../../../../pic32c/lib/thumb/v7e-m+fp/hard\libg-musl.a(__fmt_x.o)
 .debug_line    0x00014f72      0x27c c:/program files/microchip/xc32/v4.00/bin/bin/../../lib/gcc/pic32c/8.3.1/../../../../pic32c/lib/thumb/v7e-m+fp/hard\libg-musl.a(__fwrite.o)
 .debug_line    0x000151ee      0x1f7 c:/program files/microchip/xc32/v4.00/bin/bin/../../lib/gcc/pic32c/8.3.1/../../../../pic32c/lib/thumb/v7e-m+fp/hard\libg-musl.a(__pop_float.o)
 .debug_line    0x000153e5      0x28d c:/program files/microchip/xc32/v4.00/bin/bin/../../lib/gcc/pic32c/8.3.1/../../../../pic32c/lib/thumb/v7e-m+fp/hard\libg-musl.a(__pop_int.o)
 .debug_line    0x00015672      0x272 c:/program files/microchip/xc32/v4.00/bin/bin/../../lib/gcc/pic32c/8.3.1/../../../../pic32c/lib/thumb/v7e-m+fp/hard\libg-musl.a(__pop_ptr.o)